Archive member included because of file (symbol)

/media/hhd/github/SDK_V4.7.1/tools/gcc/linux/gcc-arm-none-eabi/bin/../lib/gcc/arm-none-eabi/4.8.4/../../../../arm-none-eabi/lib/armv7e-m/fpu/libc_s.a(lib_a-assert.o)
                              ../../../../../project/mt7697_hdk/hal_examples/uart_loopback_data_dma/GCC/build/driver/chip/mt7687/src/hal_cache.o (__assert_func)
/media/hhd/github/SDK_V4.7.1/tools/gcc/linux/gcc-arm-none-eabi/bin/../lib/gcc/arm-none-eabi/4.8.4/../../../../arm-none-eabi/lib/armv7e-m/fpu/libc_s.a(lib_a-fprintf.o)
                              /media/hhd/github/SDK_V4.7.1/tools/gcc/linux/gcc-arm-none-eabi/bin/../lib/gcc/arm-none-eabi/4.8.4/../../../../arm-none-eabi/lib/armv7e-m/fpu/libc_s.a(lib_a-assert.o) (fiprintf)
/media/hhd/github/SDK_V4.7.1/tools/gcc/linux/gcc-arm-none-eabi/bin/../lib/gcc/arm-none-eabi/4.8.4/../../../../arm-none-eabi/lib/armv7e-m/fpu/libc_s.a(lib_a-impure.o)
                              /media/hhd/github/SDK_V4.7.1/tools/gcc/linux/gcc-arm-none-eabi/bin/../lib/gcc/arm-none-eabi/4.8.4/../../../../arm-none-eabi/lib/armv7e-m/fpu/libc_s.a(lib_a-assert.o) (_impure_ptr)
/media/hhd/github/SDK_V4.7.1/tools/gcc/linux/gcc-arm-none-eabi/bin/../lib/gcc/arm-none-eabi/4.8.4/../../../../arm-none-eabi/lib/armv7e-m/fpu/libc_s.a(lib_a-memcpy-stub.o)
                              ../../../../../project/mt7697_hdk/hal_examples/uart_loopback_data_dma/GCC/build/driver/chip/mt7687/src/hal_uart.o (memcpy)
/media/hhd/github/SDK_V4.7.1/tools/gcc/linux/gcc-arm-none-eabi/bin/../lib/gcc/arm-none-eabi/4.8.4/../../../../arm-none-eabi/lib/armv7e-m/fpu/libc_s.a(lib_a-memset.o)
                              ../../../../../project/mt7697_hdk/hal_examples/uart_loopback_data_dma/GCC/build/driver/chip/mt7687/src/hal_gdma.o (memset)
/media/hhd/github/SDK_V4.7.1/tools/gcc/linux/gcc-arm-none-eabi/bin/../lib/gcc/arm-none-eabi/4.8.4/../../../../arm-none-eabi/lib/armv7e-m/fpu/libc_s.a(lib_a-printf.o)
                              ../../../../../project/mt7697_hdk/hal_examples/uart_loopback_data_dma/GCC/build/driver/chip/mt7687/src/common/dma.o (printf)
/media/hhd/github/SDK_V4.7.1/tools/gcc/linux/gcc-arm-none-eabi/bin/../lib/gcc/arm-none-eabi/4.8.4/../../../../arm-none-eabi/lib/armv7e-m/fpu/libc_s.a(lib_a-vfprintf.o)
                              /media/hhd/github/SDK_V4.7.1/tools/gcc/linux/gcc-arm-none-eabi/bin/../lib/gcc/arm-none-eabi/4.8.4/../../../../arm-none-eabi/lib/armv7e-m/fpu/libc_s.a(lib_a-fprintf.o) (_vfprintf_r)
/media/hhd/github/SDK_V4.7.1/tools/gcc/linux/gcc-arm-none-eabi/bin/../lib/gcc/arm-none-eabi/4.8.4/../../../../arm-none-eabi/lib/armv7e-m/fpu/libc_s.a(lib_a-vfprintf_i.o)
                              /media/hhd/github/SDK_V4.7.1/tools/gcc/linux/gcc-arm-none-eabi/bin/../lib/gcc/arm-none-eabi/4.8.4/../../../../arm-none-eabi/lib/armv7e-m/fpu/libc_s.a(lib_a-vfprintf.o) (_printf_i)
/media/hhd/github/SDK_V4.7.1/tools/gcc/linux/gcc-arm-none-eabi/bin/../lib/gcc/arm-none-eabi/4.8.4/../../../../arm-none-eabi/lib/armv7e-m/fpu/libc_s.a(lib_a-vprintf.o)
                              ../../../../../project/mt7697_hdk/hal_examples/uart_loopback_data_dma/GCC/build/driver/chip/mt7687/src/hal_log.o (vprintf)
/media/hhd/github/SDK_V4.7.1/tools/gcc/linux/gcc-arm-none-eabi/bin/../lib/gcc/arm-none-eabi/4.8.4/../../../../arm-none-eabi/lib/armv7e-m/fpu/libc_s.a(lib_a-wbuf.o)
                              /media/hhd/github/SDK_V4.7.1/tools/gcc/linux/gcc-arm-none-eabi/bin/../lib/gcc/arm-none-eabi/4.8.4/../../../../arm-none-eabi/lib/armv7e-m/fpu/libc_s.a(lib_a-vfprintf.o) (__swbuf_r)
/media/hhd/github/SDK_V4.7.1/tools/gcc/linux/gcc-arm-none-eabi/bin/../lib/gcc/arm-none-eabi/4.8.4/../../../../arm-none-eabi/lib/armv7e-m/fpu/libc_s.a(lib_a-wsetup.o)
                              /media/hhd/github/SDK_V4.7.1/tools/gcc/linux/gcc-arm-none-eabi/bin/../lib/gcc/arm-none-eabi/4.8.4/../../../../arm-none-eabi/lib/armv7e-m/fpu/libc_s.a(lib_a-vfprintf.o) (__swsetup_r)
/media/hhd/github/SDK_V4.7.1/tools/gcc/linux/gcc-arm-none-eabi/bin/../lib/gcc/arm-none-eabi/4.8.4/../../../../arm-none-eabi/lib/armv7e-m/fpu/libc_s.a(lib_a-abort.o)
                              /media/hhd/github/SDK_V4.7.1/tools/gcc/linux/gcc-arm-none-eabi/bin/../lib/gcc/arm-none-eabi/4.8.4/../../../../arm-none-eabi/lib/armv7e-m/fpu/libc_s.a(lib_a-assert.o) (abort)
/media/hhd/github/SDK_V4.7.1/tools/gcc/linux/gcc-arm-none-eabi/bin/../lib/gcc/arm-none-eabi/4.8.4/../../../../arm-none-eabi/lib/armv7e-m/fpu/libc_s.a(lib_a-fflush.o)
                              /media/hhd/github/SDK_V4.7.1/tools/gcc/linux/gcc-arm-none-eabi/bin/../lib/gcc/arm-none-eabi/4.8.4/../../../../arm-none-eabi/lib/armv7e-m/fpu/libc_s.a(lib_a-wbuf.o) (_fflush_r)
/media/hhd/github/SDK_V4.7.1/tools/gcc/linux/gcc-arm-none-eabi/bin/../lib/gcc/arm-none-eabi/4.8.4/../../../../arm-none-eabi/lib/armv7e-m/fpu/libc_s.a(lib_a-findfp.o)
[...]
Memory Configuration

Name             Origin             Length             Attributes
ROM_CODE         0x00000000         0x00005000         axr
ROM_BL           0x10000000         0x00008000         axr
RESERVED         0x10008000         0x00008000         ar
N9_CODE          0x10010000         0x00069000         ar
XIP_CODE         0x10079000         0x000bf000         axr
ROM_FOTA         0x10138000         0x000bf000         ar
ROM_NVDM         0x101f7000         0x00009000         ar
TCMRAM           0x00100000         0x00010000         arw
SYSRAM           0x20000000         0x0003fc00         arw
*default*        0x00000000         0xffffffff

Linker script and memory map

LOAD /media/hhd/github/SDK_V4.7.1/tools/gcc/linux/gcc-arm-none-eabi/bin/../lib/gcc/arm-none-eabi/4.8.4/../../../../arm-none-eabi/lib/armv7e-m/fpu/libnosys.a
                0x10079000                __FLASH_segment_start__ = ORIGIN (XIP_CODE)
                0x10138000                __FLASH_segment_end__ = (__FLASH_segment_start__ + 0xbf000)
                0x20000000                __SRAM_segment_start__ = ORIGIN (SYSRAM)
                0x2003fc00                __SRAM_segment_end__ = (__SRAM_segment_start__ + 0x3fc00)
                0x10079000                . = ORIGIN (XIP_CODE)

.text           0x10079000     0x21b0
                0x10079000                _text_start = .
 *(.init)
 .init          0x10079000       0x9c ../../../../../project/mt7697_hdk/hal_examples/uart_loopback_data_dma/GCC/build/project/mt7697_hdk/hal_examples/uart_loopback_data_dma/GCC/startup_mt7687.o
                0x10079000                Reset_Handler
 *(.fini)
 *(.text*)
 .text.DMA_ERROR_LISR
                0x1007909c        0x2 ../../../../../project/mt7697_hdk/hal_examples/uart_loopback_data_dma/GCC/build/driver/chip/mt7687/src/common/dma.o
                0x1007909c                DMA_ERROR_LISR
 *fill*         0x1007909e        0x2 
 .text.DMA_Stop
                0x100790a0       0x18 ../../../../../project/mt7697_hdk/hal_examples/uart_loopback_data_dma/GCC/build/driver/chip/mt7687/src/common/dma.o
                0x100790a0                DMA_Stop
 .text.DMA_Vfifo_init
                0x100790b8      0x108 ../../../../../project/mt7697_hdk/hal_examples/uart_loopback_data_dma/GCC/build/driver/chip/mt7687/src/common/dma.o
                0x100790b8                DMA_Vfifo_init
 .text.DMA_Vfifo_SetAdrs
                0x100791c0       0x2c ../../../../../project/mt7697_hdk/hal_examples/uart_loopback_data_dma/GCC/build/driver/chip/mt7687/src/common/dma.o
                0x100791c0                DMA_Vfifo_SetAdrs
 .text.DMA_Vfifo_enable_interrupt
                0x100791ec       0x14 ../../../../../project/mt7697_hdk/hal_examples/uart_loopback_data_dma/GCC/build/driver/chip/mt7687/src/common/dma.o
                0x100791ec                DMA_Vfifo_enable_interrupt
 .text.DMA_Vfifo_disable_interrupt
                0x10079200       0x14 ../../../../../project/mt7697_hdk/hal_examples/uart_loopback_data_dma/GCC/build/driver/chip/mt7687/src/common/dma.o
                0x10079200                DMA_Vfifo_disable_interrupt
 .text.DMA_Vfifo_Flush
                0x10079214       0x18 ../../../../../project/mt7697_hdk/hal_examples/uart_loopback_data_dma/GCC/build/driver/chip/mt7687/src/common/dma.o
                0x10079214                DMA_Vfifo_Flush
 .text.DMA_Vfifo_Register_Callback
                0x1007922c       0x10 ../../../../../project/mt7697_hdk/hal_examples/uart_loopback_data_dma/GCC/build/driver/chip/mt7687/src/common/dma.o
                0x1007922c                DMA_Vfifo_Register_Callback
 .text.DMA_Vfifo_Register_TO_Callback
                0x1007923c       0x10 ../../../../../project/mt7697_hdk/hal_examples/uart_loopback_data_dma/GCC/build/driver/chip/mt7687/src/common/dma.o
                0x1007923c                DMA_Vfifo_Register_TO_Callback
 .text.DMA_Clock_Enable
                0x1007924c       0x14 ../../../../../project/mt7697_hdk/hal_examples/uart_loopback_data_dma/GCC/build/driver/chip/mt7687/src/common/dma.o
                0x1007924c                DMA_Clock_Enable
 .text.DMA_Init
                0x10079260       0x54 ../../../../../project/mt7697_hdk/hal_examples/uart_loopback_data_dma/GCC/build/driver/chip/mt7687/src/common/dma.o
                0x10079260                DMA_Init
 .text.DMA_Clock_Disable
                0x100792b4       0x14 ../../../../../project/mt7697_hdk/hal_examples/uart_loopback_data_dma/GCC/build/driver/chip/mt7687/src/common/dma.o
                0x100792b4                DMA_Clock_Disable
 .text.DMA_LISR
                0x100792c8      0x188 ../../../../../project/mt7697_hdk/hal_examples/uart_loopback_data_dma/GCC/build/driver/chip/mt7687/src/common/dma.o
                0x100792c8                DMA_LISR
 .text.halGPIO_ConfDirection
                0x10079450      0x138 ../../../../../project/mt7697_hdk/hal_examples/uart_loopback_data_dma/GCC/build/driver/chip/mt7687/src/common/hal_gpio_7687.o
                0x10079450                halGPIO_ConfDirection
 .text.halPinmuxTopOnPadFunc
                0x10079588      0x19c ../../../../../project/mt7697_hdk/hal_examples/uart_loopback_data_dma/GCC/build/driver/chip/mt7687/src/common/hal_pinmux.o
                0x10079588                halPinmuxTopOnPadFunc
 .text.pinmux_config
                0x10079724       0xc6 ../../../../../project/mt7697_hdk/hal_examples/uart_loopback_data_dma/GCC/build/driver/chip/mt7687/src/common/pinmux.o
                0x10079724                pinmux_config
 *fill*         0x100797ea        0x2 
 .text.top_xtal_init
                0x100797ec       0x98 ../../../../../project/mt7697_hdk/hal_examples/uart_loopback_data_dma/GCC/build/driver/chip/mt7687/src/common/top.o
                0x100797ec                top_xtal_init
 .text.top_xtal_freq_get
                0x10079884        0xc ../../../../../project/mt7697_hdk/hal_examples/uart_loopback_data_dma/GCC/build/driver/chip/mt7687/src/common/top.o
                0x10079884                top_xtal_freq_get
 .text.top_mcu_freq_get
                0x10079890        0xc ../../../../../project/mt7697_hdk/hal_examples/uart_loopback_data_dma/GCC/build/driver/chip/mt7687/src/common/top.o
                0x10079890                top_mcu_freq_get
 .text.halUART_SetFormat
                0x1007989c      0x118 ../../../../../project/mt7697_hdk/hal_examples/uart_loopback_data_dma/GCC/build/driver/chip/mt7687/src/common/uart.o
                0x1007989c                halUART_SetFormat
 .text.halUART_HWInit
                0x100799b4       0x34 ../../../../../project/mt7697_hdk/hal_examples/uart_loopback_data_dma/GCC/build/driver/chip/mt7687/src/common/uart.o
                0x100799b4                halUART_HWInit
 .text.halUART_Get_VFIFO_Length
                0x100799e8       0x4c ../../../../../project/mt7697_hdk/hal_examples/uart_loopback_data_dma/GCC/build/driver/chip/mt7687/src/common/uart.o
                0x100799e8                halUART_Get_VFIFO_Length
 .text.halUART_Read_VFIFO_Data
                0x10079a34       0x28 ../../../../../project/mt7697_hdk/hal_examples/uart_loopback_data_dma/GCC/build/driver/chip/mt7687/src/common/uart.o
                0x10079a34                halUART_Read_VFIFO_Data
 .text.halUART_Write_VFIFO_Data
                0x10079a5c       0x28 ../../../../../project/mt7697_hdk/hal_examples/uart_loopback_data_dma/GCC/build/driver/chip/mt7687/src/common/uart.o
                0x10079a5c                halUART_Write_VFIFO_Data
 .text.halUART_Tx_VFIFO_Initialize
                0x10079a84       0x3e ../../../../../project/mt7697_hdk/hal_examples/uart_loopback_data_dma/GCC/build/driver/chip/mt7687/src/common/uart.o
                0x10079a84                halUART_Tx_VFIFO_Initialize
 .text.halUART_Rx_VFIFO_Initialize
                0x10079ac2       0x3c ../../../../../project/mt7697_hdk/hal_examples/uart_loopback_data_dma/GCC/build/driver/chip/mt7687/src/common/uart.o
                0x10079ac2                halUART_Rx_VFIFO_Initialize
 .text.halUART_VDMA_Rx_Register_Callback
                0x10079afe       0x12 ../../../../../project/mt7697_hdk/hal_examples/uart_loopback_data_dma/GCC/build/driver/chip/mt7687/src/common/uart.o
                0x10079afe                halUART_VDMA_Rx_Register_Callback
 .text.halUART_VDMA_Rx_Register_TO_Callback
                0x10079b10       0x12 ../../../../../project/mt7697_hdk/hal_examples/uart_loopback_data_dma/GCC/build/driver/chip/mt7687/src/common/uart.o
                0x10079b10                halUART_VDMA_Rx_Register_TO_Callback
 *fill*         0x10079b22        0x2 
 .text.uart_reset_default_value
                0x10079b24       0x58 ../../../../../project/mt7697_hdk/hal_examples/uart_loopback_data_dma/GCC/build/driver/chip/mt7687/src/common/uart.o
                0x10079b24                uart_reset_default_value
 .text.log_hal_error_internal
                0x10079b7c       0x2a ../../../../../project/mt7697_hdk/hal_examples/uart_loopback_data_dma/GCC/build/driver/chip/mt7687/src/hal_log.o
                0x10079b7c                log_hal_error_internal
 *fill*         0x10079ba6        0x2 
 .text.hal_nvic_enable_irq
                0x10079ba8       0x28 ../../../../../project/mt7697_hdk/hal_examples/uart_loopback_data_dma/GCC/build/driver/chip/mt7687/src/hal_nvic.o
                0x10079ba8                hal_nvic_enable_irq
 .text.hal_nvic_disable_irq
                0x10079bd0       0x28 ../../../../../project/mt7697_hdk/hal_examples/uart_loopback_data_dma/GCC/build/driver/chip/mt7687/src/hal_nvic.o
                0x10079bd0                hal_nvic_disable_irq
 .text.hal_nvic_set_priority
                0x10079bf8       0x20 ../../../../../project/mt7697_hdk/hal_examples/uart_loopback_data_dma/GCC/build/driver/chip/mt7687/src/hal_nvic.o
                0x10079bf8                hal_nvic_set_priority
 .text.hal_nvic_register_isr_handler
                0x10079c18       0x4c ../../../../../project/mt7697_hdk/hal_examples/uart_loopback_data_dma/GCC/build/driver/chip/mt7687/src/hal_nvic.o
                0x10079c18                hal_nvic_register_isr_handler
 .text.hal_nvic_save_and_set_interrupt_mask
                0x10079c64        0xe ../../../../../project/mt7697_hdk/hal_examples/uart_loopback_data_dma/GCC/build/driver/chip/mt7687/src/hal_nvic.o
                0x10079c64                hal_nvic_save_and_set_interrupt_mask
 .text.hal_nvic_restore_interrupt_mask
                0x10079c72        0xa ../../../../../project/mt7697_hdk/hal_examples/uart_loopback_data_dma/GCC/build/driver/chip/mt7687/src/hal_nvic.o
                0x10079c72                hal_nvic_restore_interrupt_mask
 .text.hal_pinmux_set_function
                0x10079c7c       0x22 ../../../../../project/mt7697_hdk/hal_examples/uart_loopback_data_dma/GCC/build/driver/chip/mt7687/src/hal_gpio.o
                0x10079c7c                hal_pinmux_set_function
 .text.hal_gpio_init
                0x10079c9e        0x4 ../../../../../project/mt7697_hdk/hal_examples/uart_loopback_data_dma/GCC/build/driver/chip/mt7687/src/hal_gpio.o
                0x10079c9e                hal_gpio_init
 .text.hal_uart_is_config_valid
                0x10079ca2       0x2c ../../../../../project/mt7697_hdk/hal_examples/uart_loopback_data_dma/GCC/build/driver/chip/mt7687/src/hal_uart.o
 *fill*         0x10079cce        0x2 
 .text.hal_uart_check_irq_disable
                0x10079cd0       0x50 ../../../../../project/mt7697_hdk/hal_examples/uart_loopback_data_dma/GCC/build/driver/chip/mt7687/src/hal_uart.o
 .text.hal_uart_send_callback1
                0x10079d20       0x24 ../../../../../project/mt7697_hdk/hal_examples/uart_loopback_data_dma/GCC/build/driver/chip/mt7687/src/hal_uart.o
 .text.hal_uart_send_callback0
                0x10079d44       0x24 ../../../../../project/mt7697_hdk/hal_examples/uart_loopback_data_dma/GCC/build/driver/chip/mt7687/src/hal_uart.o
 .text.hal_uart_send_dma
                0x10079d68       0x60 ../../../../../project/mt7697_hdk/hal_examples/uart_loopback_data_dma/GCC/build/driver/chip/mt7687/src/hal_uart.o
                0x10079d68                hal_uart_send_dma
 .text.hal_uart_receive_dma
                0x10079dc8       0x4c ../../../../../project/mt7697_hdk/hal_examples/uart_loopback_data_dma/GCC/build/driver/chip/mt7687/src/hal_uart.o
                0x10079dc8                hal_uart_receive_dma
 .text.hal_uart_get_available_receive_bytes
                0x10079e14       0x1e ../../../../../project/mt7697_hdk/hal_examples/uart_loopback_data_dma/GCC/build/driver/chip/mt7687/src/hal_uart.o
                0x10079e14                hal_uart_get_available_receive_bytes
 *fill*         0x10079e32        0x2 
 .text.hal_uart_receive_callback1
                0x10079e34       0x2c ../../../../../project/mt7697_hdk/hal_examples/uart_loopback_data_dma/GCC/build/driver/chip/mt7687/src/hal_uart.o
 .text.hal_uart_receive_callback0
                0x10079e60       0x2c ../../../../../project/mt7697_hdk/hal_examples/uart_loopback_data_dma/GCC/build/driver/chip/mt7687/src/hal_uart.o
 .text.hal_uart_register_callback
                0x10079e8c       0x64 ../../../../../project/mt7697_hdk/hal_examples/uart_loopback_data_dma/GCC/build/driver/chip/mt7687/src/hal_uart.o
                0x10079e8c                hal_uart_register_callback
 .text.hal_uart_set_format
                0x10079ef0       0xb8 ../../../../../project/mt7697_hdk/hal_examples/uart_loopback_data_dma/GCC/build/driver/chip/mt7687/src/hal_uart.o
                0x10079ef0                hal_uart_set_format
 .text.hal_uart_init
                0x10079fa8       0x64 ../../../../../project/mt7697_hdk/hal_examples/uart_loopback_data_dma/GCC/build/driver/chip/mt7687/src/hal_uart.o
                0x10079fa8                hal_uart_init
 .text.hal_uart_set_dma
                0x1007a00c       0x94 ../../../../../project/mt7697_hdk/hal_examples/uart_loopback_data_dma/GCC/build/driver/chip/mt7687/src/hal_uart.o
                0x1007a00c                hal_uart_set_dma
 .text.uart_read_from_input
                0x1007a0a0       0x10 ../../../../../project/mt7697_hdk/hal_examples/uart_loopback_data_dma/GCC/build/project/mt7697_hdk/hal_examples/uart_loopback_data_dma/src/main.o
 .text.uart_loopback_data_dma_example
                0x1007a0b0       0xb8 ../../../../../project/mt7697_hdk/hal_examples/uart_loopback_data_dma/GCC/build/project/mt7697_hdk/hal_examples/uart_loopback_data_dma/src/main.o
 .text.__io_putchar
                0x1007a168        0x2 ../../../../../project/mt7697_hdk/hal_examples/uart_loopback_data_dma/GCC/build/project/mt7697_hdk/hal_examples/uart_loopback_data_dma/src/main.o
                0x1007a168                __io_putchar
 *fill*         0x1007a16a        0x2 
 .text.startup.main
                0x1007a16c       0x20 ../../../../../project/mt7697_hdk/hal_examples/uart_loopback_data_dma/GCC/build/project/mt7697_hdk/hal_examples/uart_loopback_data_dma/src/main.o
                0x1007a16c                main
 .text.SysTick_Set
                0x1007a18c       0x28 ../../../../../project/mt7697_hdk/hal_examples/uart_loopback_data_dma/GCC/build/project/mt7697_hdk/hal_examples/uart_loopback_data_dma/src/system_mt7687.o
                0x1007a18c                SysTick_Set
 .text.SystemCoreClockUpdate
                0x1007a1b4       0x10 ../../../../../project/mt7697_hdk/hal_examples/uart_loopback_data_dma/GCC/build/project/mt7697_hdk/hal_examples/uart_loopback_data_dma/src/system_mt7687.o
                0x1007a1b4                SystemCoreClockUpdate
 .text.SystemInit
                0x1007a1c4       0x24 ../../../../../project/mt7697_hdk/hal_examples/uart_loopback_data_dma/GCC/build/project/mt7697_hdk/hal_examples/uart_loopback_data_dma/src/system_mt7687.o
                0x1007a1c4                SystemInit
 .text.CachePreInit
                0x1007a1e8       0x34 ../../../../../project/mt7697_hdk/hal_examples/uart_loopback_data_dma/GCC/build/project/mt7697_hdk/hal_examples/uart_loopback_data_dma/src/system_mt7687.o
                0x1007a1e8                CachePreInit
 .text._close   0x1007a21c        0x4 ../../../../../project/mt7697_hdk/hal_examples/uart_loopback_data_dma/GCC/build/project/mt7697_hdk/hal_examples/uart_loopback_data_dma/GCC/syscalls.o
                0x1007a21c                _close
 .text._fstat   0x1007a220        0x4 ../../../../../project/mt7697_hdk/hal_examples/uart_loopback_data_dma/GCC/build/project/mt7697_hdk/hal_examples/uart_loopback_data_dma/GCC/syscalls.o
                0x1007a220                _fstat
 .text._isatty  0x1007a224        0x4 ../../../../../project/mt7697_hdk/hal_examples/uart_loopback_data_dma/GCC/build/project/mt7697_hdk/hal_examples/uart_loopback_data_dma/GCC/syscalls.o
                0x1007a224                _isatty
 .text._lseek   0x1007a228        0x4 ../../../../../project/mt7697_hdk/hal_examples/uart_loopback_data_dma/GCC/build/project/mt7697_hdk/hal_examples/uart_loopback_data_dma/GCC/syscalls.o
                0x1007a228                _lseek
 .text._read    0x1007a22c        0x4 ../../../../../project/mt7697_hdk/hal_examples/uart_loopback_data_dma/GCC/build/project/mt7697_hdk/hal_examples/uart_loopback_data_dma/GCC/syscalls.o
                0x1007a22c                _read
 .text._write   0x1007a230       0x1a ../../../../../project/mt7697_hdk/hal_examples/uart_loopback_data_dma/GCC/build/project/mt7697_hdk/hal_examples/uart_loopback_data_dma/GCC/syscalls.o
                0x1007a230                _write
 *fill*         0x1007a24a        0x2 
 .text._sbrk_r  0x1007a24c       0x28 ../../../../../project/mt7697_hdk/hal_examples/uart_loopback_data_dma/GCC/build/project/mt7697_hdk/hal_examples/uart_loopback_data_dma/GCC/syscalls.o
                0x1007a24c                _sbrk_r
 .text          0x1007a274       0x14 ../../../../../project/mt7697_hdk/hal_examples/uart_loopback_data_dma/GCC/build/project/mt7697_hdk/hal_examples/uart_loopback_data_dma/GCC/startup_mt7687.o
                0x1007a274                NMI_Handler
                0x1007a276                HardFault_Handler
                0x1007a278                MemManage_Handler
                0x1007a27a                BusFault_Handler
                0x1007a27c                UsageFault_Handler
                0x1007a27e                SVC_Handler
                0x1007a280                DebugMon_Handler
                0x1007a282                PendSV_Handler
                0x1007a284                SysTick_Handler
                0x1007a286                Default_Handler
 .text.memcpy   0x1007a288       0x12 /media/hhd/github/SDK_V4.7.1/tools/gcc/linux/gcc-arm-none-eabi/bin/../lib/gcc/arm-none-eabi/4.8.4/../../../../arm-none-eabi/lib/armv7e-m/fpu/libc_s.a(lib_a-memcpy-stub.o)
                0x1007a288                memcpy
 .text.memset   0x1007a29a       0x10 /media/hhd/github/SDK_V4.7.1/tools/gcc/linux/gcc-arm-none-eabi/bin/../lib/gcc/arm-none-eabi/4.8.4/../../../../arm-none-eabi/lib/armv7e-m/fpu/libc_s.a(lib_a-memset.o)
                0x1007a29a                memset
 .text.__sfputc_r
                0x1007a2aa       0x2c /media/hhd/github/SDK_V4.7.1/tools/gcc/linux/gcc-arm-none-eabi/bin/../lib/gcc/arm-none-eabi/4.8.4/../../../../arm-none-eabi/lib/armv7e-m/fpu/libc_s.a(lib_a-vfprintf.o)
 .text.__sfputs_r
                0x1007a2d6       0x24 /media/hhd/github/SDK_V4.7.1/tools/gcc/linux/gcc-arm-none-eabi/bin/../lib/gcc/arm-none-eabi/4.8.4/../../../../arm-none-eabi/lib/armv7e-m/fpu/libc_s.a(lib_a-vfprintf.o)
                0x1007a2d6                __sfputs_r
 *fill*         0x1007a2fa        0x2 
 .text._vfprintf_r
                0x1007a2fc      0x208 /media/hhd/github/SDK_V4.7.1/tools/gcc/linux/gcc-arm-none-eabi/bin/../lib/gcc/arm-none-eabi/4.8.4/../../../../arm-none-eabi/lib/armv7e-m/fpu/libc_s.a(lib_a-vfprintf.o)
                0x1007a2fc                _vfiprintf_r
                0x1007a2fc                _vfprintf_r
 .text._printf_common
                0x1007a504       0xe4 /media/hhd/github/SDK_V4.7.1/tools/gcc/linux/gcc-arm-none-eabi/bin/../lib/gcc/arm-none-eabi/4.8.4/../../../../arm-none-eabi/lib/armv7e-m/fpu/libc_s.a(lib_a-vfprintf_i.o)
                0x1007a504                _printf_common
 .text._printf_i
                0x1007a5e8      0x228 /media/hhd/github/SDK_V4.7.1/tools/gcc/linux/gcc-arm-none-eabi/bin/../lib/gcc/arm-none-eabi/4.8.4/../../../../arm-none-eabi/lib/armv7e-m/fpu/libc_s.a(lib_a-vfprintf_i.o)
                0x1007a5e8                _printf_i
 .text.vprintf  0x1007a810       0x2c /media/hhd/github/SDK_V4.7.1/tools/gcc/linux/gcc-arm-none-eabi/bin/../lib/gcc/arm-none-eabi/4.8.4/../../../../arm-none-eabi/lib/armv7e-m/fpu/libc_s.a(lib_a-vprintf.o)
                0x1007a810                vprintf
                0x1007a810                viprintf
 .text.__swbuf_r
                0x1007a83c       0xa8 /media/hhd/github/SDK_V4.7.1/tools/gcc/linux/gcc-arm-none-eabi/bin/../lib/gcc/arm-none-eabi/4.8.4/../../../../arm-none-eabi/lib/armv7e-m/fpu/libc_s.a(lib_a-wbuf.o)
                0x1007a83c                __swbuf_r
 .text.__swsetup_r
                0x1007a8e4       0xdc /media/hhd/github/SDK_V4.7.1/tools/gcc/linux/gcc-arm-none-eabi/bin/../lib/gcc/arm-none-eabi/4.8.4/../../../../arm-none-eabi/lib/armv7e-m/fpu/libc_s.a(lib_a-wsetup.o)
                0x1007a8e4                __swsetup_r
 .text.__sflush_r
                0x1007a9c0      0x106 /media/hhd/github/SDK_V4.7.1/tools/gcc/linux/gcc-arm-none-eabi/bin/../lib/gcc/arm-none-eabi/4.8.4/../../../../arm-none-eabi/lib/armv7e-m/fpu/libc_s.a(lib_a-fflush.o)
                0x1007a9c0                __sflush_r
 *fill*         0x1007aac6        0x2 
 .text._fflush_r
                0x1007aac8       0x54 /media/hhd/github/SDK_V4.7.1/tools/gcc/linux/gcc-arm-none-eabi/bin/../lib/gcc/arm-none-eabi/4.8.4/../../../../arm-none-eabi/lib/armv7e-m/fpu/libc_s.a(lib_a-fflush.o)
                0x1007aac8                _fflush_r
 .text._cleanup_r
                0x1007ab1c       0x32 /media/hhd/github/SDK_V4.7.1/tools/gcc/linux/gcc-arm-none-eabi/bin/../lib/gcc/arm-none-eabi/4.8.4/../../../../arm-none-eabi/lib/armv7e-m/fpu/libc_s.a(lib_a-findfp.o)
                0x1007ab1c                _cleanup_r
 *fill*         0x1007ab4e        0x2 
 .text.std.isra.0
                0x1007ab50       0x48 /media/hhd/github/SDK_V4.7.1/tools/gcc/linux/gcc-arm-none-eabi/bin/../lib/gcc/arm-none-eabi/4.8.4/../../../../arm-none-eabi/lib/armv7e-m/fpu/libc_s.a(lib_a-findfp.o)
 .text.__sfmoreglue
                0x1007ab98       0x2c /media/hhd/github/SDK_V4.7.1/tools/gcc/linux/gcc-arm-none-eabi/bin/../lib/gcc/arm-none-eabi/4.8.4/../../../../arm-none-eabi/lib/armv7e-m/fpu/libc_s.a(lib_a-findfp.o)
                0x1007ab98                __sfmoreglue
 .text.__sinit  0x1007abc4       0x60 /media/hhd/github/SDK_V4.7.1/tools/gcc/linux/gcc-arm-none-eabi/bin/../lib/gcc/arm-none-eabi/4.8.4/../../../../arm-none-eabi/lib/armv7e-m/fpu/libc_s.a(lib_a-findfp.o)
                0x1007abc4                __sinit
 .text.__sfp    0x1007ac24       0x74 /media/hhd/github/SDK_V4.7.1/tools/gcc/linux/gcc-arm-none-eabi/bin/../lib/gcc/arm-none-eabi/4.8.4/../../../../arm-none-eabi/lib/armv7e-m/fpu/libc_s.a(lib_a-findfp.o)
                0x1007ac24                __sfp
 .text.__smakebuf_r
                0x1007ac98       0x9c /media/hhd/github/SDK_V4.7.1/tools/gcc/linux/gcc-arm-none-eabi/bin/../lib/gcc/arm-none-eabi/4.8.4/../../../../arm-none-eabi/lib/armv7e-m/fpu/libc_s.a(lib_a-makebuf.o)
                0x1007ac98                __smakebuf_r
 .text.memchr   0x1007ad34       0x1e /media/hhd/github/SDK_V4.7.1/tools/gcc/linux/gcc-arm-none-eabi/bin/../lib/gcc/arm-none-eabi/4.8.4/../../../../arm-none-eabi/lib/armv7e-m/fpu/libc_s.a(lib_a-memchr-stub.o)
                0x1007ad34                memchr
 *fill*         0x1007ad52        0x2 
 .text._free_r  0x1007ad54       0x88 /media/hhd/github/SDK_V4.7.1/tools/gcc/linux/gcc-arm-none-eabi/bin/../lib/gcc/arm-none-eabi/4.8.4/../../../../arm-none-eabi/lib/armv7e-m/fpu/libc_s.a(lib_a-nano-freer.o)
                0x1007ad54                _free_r
 .text._malloc_r
                0x1007addc       0xa8 /media/hhd/github/SDK_V4.7.1/tools/gcc/linux/gcc-arm-none-eabi/bin/../lib/gcc/arm-none-eabi/4.8.4/../../../../arm-none-eabi/lib/armv7e-m/fpu/libc_s.a(lib_a-nano-mallocr.o)
                0x1007addc                _malloc_r
 .text.__sread  0x1007ae84       0x22 /media/hhd/github/SDK_V4.7.1/tools/gcc/linux/gcc-arm-none-eabi/bin/../lib/gcc/arm-none-eabi/4.8.4/../../../../arm-none-eabi/lib/armv7e-m/fpu/libc_s.a(lib_a-stdio.o)
                0x1007ae84                __sread
 .text.__swrite
                0x1007aea6       0x38 /media/hhd/github/SDK_V4.7.1/tools/gcc/linux/gcc-arm-none-eabi/bin/../lib/gcc/arm-none-eabi/4.8.4/../../../../arm-none-eabi/lib/armv7e-m/fpu/libc_s.a(lib_a-stdio.o)
                0x1007aea6                __swrite
 .text.__sseek  0x1007aede       0x24 /media/hhd/github/SDK_V4.7.1/tools/gcc/linux/gcc-arm-none-eabi/bin/../lib/gcc/arm-none-eabi/4.8.4/../../../../arm-none-eabi/lib/armv7e-m/fpu/libc_s.a(lib_a-stdio.o)
                0x1007aede                __sseek
 .text.__sclose
                0x1007af02        0x8 /media/hhd/github/SDK_V4.7.1/tools/gcc/linux/gcc-arm-none-eabi/bin/../lib/gcc/arm-none-eabi/4.8.4/../../../../arm-none-eabi/lib/armv7e-m/fpu/libc_s.a(lib_a-stdio.o)
                0x1007af02                __sclose
 .text.strlen   0x1007af0a       0x10 /media/hhd/github/SDK_V4.7.1/tools/gcc/linux/gcc-arm-none-eabi/bin/../lib/gcc/arm-none-eabi/4.8.4/../../../../arm-none-eabi/lib/armv7e-m/fpu/libc_s.a(lib_a-strlen.o)
                0x1007af0a                strlen
 *fill*         0x1007af1a        0x2 
 .text._write_r
                0x1007af1c       0x24 /media/hhd/github/SDK_V4.7.1/tools/gcc/linux/gcc-arm-none-eabi/bin/../lib/gcc/arm-none-eabi/4.8.4/../../../../arm-none-eabi/lib/armv7e-m/fpu/libc_s.a(lib_a-writer.o)
                0x1007af1c                _write_r
 .text._close_r
                0x1007af40       0x20 /media/hhd/github/SDK_V4.7.1/tools/gcc/linux/gcc-arm-none-eabi/bin/../lib/gcc/arm-none-eabi/4.8.4/../../../../arm-none-eabi/lib/armv7e-m/fpu/libc_s.a(lib_a-closer.o)
                0x1007af40                _close_r
 .text._fstat_r
                0x1007af60       0x24 /media/hhd/github/SDK_V4.7.1/tools/gcc/linux/gcc-arm-none-eabi/bin/../lib/gcc/arm-none-eabi/4.8.4/../../../../arm-none-eabi/lib/armv7e-m/fpu/libc_s.a(lib_a-fstatr.o)
                0x1007af60                _fstat_r
 .text._isatty_r
                0x1007af84       0x20 /media/hhd/github/SDK_V4.7.1/tools/gcc/linux/gcc-arm-none-eabi/bin/../lib/gcc/arm-none-eabi/4.8.4/../../../../arm-none-eabi/lib/armv7e-m/fpu/libc_s.a(lib_a-isattyr.o)
                0x1007af84                _isatty_r
 .text._lseek_r
                0x1007afa4       0x24 /media/hhd/github/SDK_V4.7.1/tools/gcc/linux/gcc-arm-none-eabi/bin/../lib/gcc/arm-none-eabi/4.8.4/../../../../arm-none-eabi/lib/armv7e-m/fpu/libc_s.a(lib_a-lseekr.o)
                0x1007afa4                _lseek_r
 .text._read_r  0x1007afc8       0x24 /media/hhd/github/SDK_V4.7.1/tools/gcc/linux/gcc-arm-none-eabi/bin/../lib/gcc/arm-none-eabi/4.8.4/../../../../arm-none-eabi/lib/armv7e-m/fpu/libc_s.a(lib_a-readr.o)
                0x1007afc8                _read_r
 *fill*         0x1007afec        0x4 
 .text._read_r.__stub
                0x1007aff0       0x20 linker stubs
 *(.text)
 *(.rodata*)
 .rodata        0x1007b010       0x2c ../../../../../project/mt7697_hdk/hal_examples/uart_loopback_data_dma/GCC/build/driver/chip/mt7687/src/common/uart.o
 .rodata.__FUNCTION__.5575
                0x1007b03c        0xa ../../../../../project/mt7697_hdk/hal_examples/uart_loopback_data_dma/GCC/build/driver/chip/mt7687/src/hal_nvic.o
 .rodata.str1.1
                0x1007b046       0x19 ../../../../../project/mt7697_hdk/hal_examples/uart_loopback_data_dma/GCC/build/driver/chip/mt7687/src/hal_nvic.o
 *fill*         0x1007b05f        0x1 
 .rodata        0x1007b060       0x4c ../../../../../project/mt7697_hdk/hal_examples/uart_loopback_data_dma/GCC/build/driver/chip/mt7687/src/hal_uart.o
 .rodata.func_tbl.6193
                0x1007b0ac        0x8 ../../../../../project/mt7697_hdk/hal_examples/uart_loopback_data_dma/GCC/build/driver/chip/mt7687/src/hal_uart.o
 .rodata.str1.1
                0x1007b0b4       0x60 ../../../../../project/mt7697_hdk/hal_examples/uart_loopback_data_dma/GCC/build/project/mt7697_hdk/hal_examples/uart_loopback_data_dma/src/main.o
 .rodata.str1.1
                0x1007b114        0x2 /media/hhd/github/SDK_V4.7.1/tools/gcc/linux/gcc-arm-none-eabi/bin/../lib/gcc/arm-none-eabi/4.8.4/../../../../arm-none-eabi/lib/armv7e-m/fpu/libc_s.a(lib_a-impure.o)
 *fill*         0x1007b116        0x2 
 .rodata._global_impure_ptr
                0x1007b118        0x4 /media/hhd/github/SDK_V4.7.1/tools/gcc/linux/gcc-arm-none-eabi/bin/../lib/gcc/arm-none-eabi/4.8.4/../../../../arm-none-eabi/lib/armv7e-m/fpu/libc_s.a(lib_a-impure.o)
                0x1007b118                _global_impure_ptr
 .rodata.str1.1
                0x1007b11c       0x11 /media/hhd/github/SDK_V4.7.1/tools/gcc/linux/gcc-arm-none-eabi/bin/../lib/gcc/arm-none-eabi/4.8.4/../../../../arm-none-eabi/lib/armv7e-m/fpu/libc_s.a(lib_a-vfprintf.o)
 .rodata.str1.1
                0x1007b12d       0x22 /media/hhd/github/SDK_V4.7.1/tools/gcc/linux/gcc-arm-none-eabi/bin/../lib/gcc/arm-none-eabi/4.8.4/../../../../arm-none-eabi/lib/armv7e-m/fpu/libc_s.a(lib_a-vfprintf_i.o)
 *fill*         0x1007b14f        0x1 
 .rodata.__sf_fake_stdin
                0x1007b150       0x20 /media/hhd/github/SDK_V4.7.1/tools/gcc/linux/gcc-arm-none-eabi/bin/../lib/gcc/arm-none-eabi/4.8.4/../../../../arm-none-eabi/lib/armv7e-m/fpu/libc_s.a(lib_a-findfp.o)
                0x1007b150                __sf_fake_stdin
 .rodata.__sf_fake_stdout
                0x1007b170       0x20 /media/hhd/github/SDK_V4.7.1/tools/gcc/linux/gcc-arm-none-eabi/bin/../lib/gcc/arm-none-eabi/4.8.4/../../../../arm-none-eabi/lib/armv7e-m/fpu/libc_s.a(lib_a-findfp.o)
                0x1007b170                __sf_fake_stdout
 .rodata.__sf_fake_stderr
                0x1007b190       0x20 /media/hhd/github/SDK_V4.7.1/tools/gcc/linux/gcc-arm-none-eabi/bin/../lib/gcc/arm-none-eabi/4.8.4/../../../../arm-none-eabi/lib/armv7e-m/fpu/libc_s.a(lib_a-findfp.o)
                0x1007b190                __sf_fake_stderr
                0x1007b1b0                _text_end = .
                0x1007b1b0                . = ALIGN (0x4)

.glue_7         0x1007b1b0        0x0
 .glue_7        0x00000000        0x0 linker stubs

.glue_7t        0x1007b1b0        0x0
 .glue_7t       0x00000000        0x0 linker stubs

.vfp11_veneer   0x1007b1b0        0x0
 .vfp11_veneer  0x00000000        0x0 linker stubs

.v4_bx          0x1007b1b0        0x0
 .v4_bx         0x00000000        0x0 linker stubs

.iplt           0x1007b1b0        0x0
 .iplt          0x00000000        0x0 ../../../../../project/mt7697_hdk/hal_examples/uart_loopback_data_dma/GCC/build/driver/chip/mt7687/src/common/cos_api.o
                0x1007b1b0                . = ALIGN (0x4)
                0x1007b1b0                __etext = .
                0x1007b1b0                . = ALIGN (0x4)
                0x1007b1b0                . = ALIGN (0x4)

.data           0x20000000      0x300 load address 0x1007b1b0
                0x20000000                __data_start__ = .
                0x20000000                _data_start = .
 *(.isr_vector)
 .isr_vector    0x20000000      0x1c0 ../../../../../project/mt7697_hdk/hal_examples/uart_loopback_data_dma/GCC/build/project/mt7697_hdk/hal_examples/uart_loopback_data_dma/GCC/startup_mt7687.o
                0x20000000                __isr_vector
                0x200001c0                . = ALIGN (0x4)
 *(.data)
 *(.data*)
 .data.DMA_VFIFO_TO_LISR_FUNC
                0x200001c0       0x38 ../../../../../project/mt7697_hdk/hal_examples/uart_loopback_data_dma/GCC/build/driver/chip/mt7687/src/common/dma.o
                0x200001c0                DMA_VFIFO_TO_LISR_FUNC
 .data.DMA_LISR_FUNC
                0x200001f8       0x2c ../../../../../project/mt7697_hdk/hal_examples/uart_loopback_data_dma/GCC/build/driver/chip/mt7687/src/common/dma.o
                0x200001f8                DMA_LISR_FUNC
 .data.DMA_VFIFO_LISR_FUNC
                0x20000224       0x38 ../../../../../project/mt7697_hdk/hal_examples/uart_loopback_data_dma/GCC/build/driver/chip/mt7687/src/common/dma.o
                0x20000224                DMA_VFIFO_LISR_FUNC
 .data.DMA_Channel_Status
                0x2000025c        0x4 ../../../../../project/mt7697_hdk/hal_examples/uart_loopback_data_dma/GCC/build/driver/chip/mt7687/src/common/dma.o
 .data.SystemCoreClock
                0x20000260        0x4 ../../../../../project/mt7697_hdk/hal_examples/uart_loopback_data_dma/GCC/build/project/mt7697_hdk/hal_examples/uart_loopback_data_dma/src/system_mt7687.o
                0x20000260                SystemCoreClock
 .data.build_date_time_str
                0x20000264       0x1f ../../../../../project/mt7697_hdk/hal_examples/uart_loopback_data_dma/GCC/build/middleware/MTK/verno/verno.o
                0x20000264                build_date_time_str
 .data.hw_verno_str
                0x20000283        0xb ../../../../../project/mt7697_hdk/hal_examples/uart_loopback_data_dma/GCC/build/middleware/MTK/verno/verno.o
                0x20000283                hw_verno_str
 .data.sw_verno_str
                0x2000028e        0xb ../../../../../project/mt7697_hdk/hal_examples/uart_loopback_data_dma/GCC/build/middleware/MTK/verno/verno.o
                0x2000028e                sw_verno_str
 *fill*         0x20000299        0x3 
 .data.impure_data
                0x2000029c       0x60 /media/hhd/github/SDK_V4.7.1/tools/gcc/linux/gcc-arm-none-eabi/bin/../lib/gcc/arm-none-eabi/4.8.4/../../../../arm-none-eabi/lib/armv7e-m/fpu/libc_s.a(lib_a-impure.o)
 .data._impure_ptr
                0x200002fc        0x4 /media/hhd/github/SDK_V4.7.1/tools/gcc/linux/gcc-arm-none-eabi/bin/../lib/gcc/arm-none-eabi/4.8.4/../../../../arm-none-eabi/lib/armv7e-m/fpu/libc_s.a(lib_a-impure.o)
                0x200002fc                _impure_ptr
                0x20000300                . = ALIGN (0x4)
                0x20000300                PROVIDE (__preinit_array_start, .)
 *(.preinit_array)
                0x20000300                PROVIDE (__preinit_array_end, .)
                0x20000300                . = ALIGN (0x4)
                0x20000300                PROVIDE (__init_array_start, .)
 *(SORT(.init_array.*))
 *(.init_array)
                0x20000300                PROVIDE (__init_array_end, .)
                0x20000300                . = ALIGN (0x4)
                0x20000300                PROVIDE (__fini_array_start, .)
 *(SORT(.fini_array.*))
 *(.fini_array)
                0x20000300                PROVIDE (__fini_array_end, .)
                0x20000300                _data_end = .
                0x20000300                __data_end__ = .

.igot.plt       0x20000300        0x0 load address 0x1007b4b0
 .igot.plt      0x00000000        0x0 ../../../../../project/mt7697_hdk/hal_examples/uart_loopback_data_dma/GCC/build/driver/chip/mt7687/src/common/cos_api.o
                0x20000300                . = ALIGN (0x4)

.bssRandom      0x00100000        0x0
                0x00100000                __bssrandom_start__ = .
 *(.bssRandom)
                0x00100000                __bssrandom_end__ = .
                0x00100000                . = ALIGN (0x4)
                0x1007b4b0                __ramtext_load__ = LOADADDR (.ramTEXT)
                0x00100000                . = ALIGN (0x4)

.ramTEXT        0x00100000      0x1c8 load address 0x1007b4b0
                0x00100000                __ramtext_start__ = .
 *(.ramTEXT)
 .ramTEXT       0x00100000        0xe ../../../../../project/mt7697_hdk/hal_examples/uart_loopback_data_dma/GCC/build/driver/chip/mt7687/src/common/nvic.o
                0x00100000                save_and_set_interrupt_mask
                0x00100008                restore_interrupt_mask
 *fill*         0x0010000e        0x2 
 .ramTEXT       0x00100010       0x20 ../../../../../project/mt7697_hdk/hal_examples/uart_loopback_data_dma/GCC/build/driver/chip/mt7687/src/common/top.o
                0x00100010                cmnSerialFlashClkConfToXtal
 .ramTEXT       0x00100030      0x130 ../../../../../project/mt7697_hdk/hal_examples/uart_loopback_data_dma/GCC/build/driver/chip/mt7687/src/hal_cache.o
                0x00100030                hal_cache_invalidate_one_cache_line
                0x00100064                hal_cache_invalidate_multiple_cache_lines
                0x00100098                hal_cache_invalidate_all_cache_lines
                0x001000d0                hal_cache_flush_one_cache_line
                0x00100104                hal_cache_flush_multiple_cache_lines
                0x00100138                hal_cache_flush_all_cache_lines
 .ramTEXT       0x00100160       0x54 ../../../../../project/mt7697_hdk/hal_examples/uart_loopback_data_dma/GCC/build/driver/chip/mt7687/src/hal_nvic.o
                0x00100160                isrC_main
 *fill*         0x001001b4        0x4 
 .ramTEXT.__stub
                0x001001b8       0x10 linker stubs
                0x001001c8                __ramtext_end__ = .

.rel.dyn        0x001001c8        0x0 load address 0x1007b678
 .rel.iplt      0x00000000        0x0 ../../../../../project/mt7697_hdk/hal_examples/uart_loopback_data_dma/GCC/build/driver/chip/mt7687/src/common/cos_api.o
                0x001001c8                . = ALIGN (0x4)

.tcmBSS         0x001001c8        0x0 load address 0x1007b678
                0x001001c8                __tcmbss_start__ = .
 *(.tcmBSS)
                0x001001c8                __tcmbss_end__ = .
                0x001001c8                . = ALIGN (0x4)

.bss            0x20000300      0x590
                0x20000300                __bss_start__ = .
 *(.bss)
 *(COMMON)
 COMMON         0x20000300        0x4 /media/hhd/github/SDK_V4.7.1/tools/gcc/linux/gcc-arm-none-eabi/bin/../lib/gcc/arm-none-eabi/4.8.4/../../../../arm-none-eabi/lib/armv7e-m/fpu/libc_s.a(lib_a-reent.o)
                0x20000300                errno
 *(.bss*)
 .bss.DMA_Owner
                0x20000304        0xb ../../../../../project/mt7697_hdk/hal_examples/uart_loopback_data_dma/GCC/build/driver/chip/mt7687/src/common/dma.o
                0x20000304                DMA_Owner
 *fill*         0x2000030f        0x1 
 .bss.gCpuFrequency
                0x20000310        0x4 ../../../../../project/mt7697_hdk/hal_examples/uart_loopback_data_dma/GCC/build/driver/chip/mt7687/src/common/top.o
 .bss.gXtalFreq
                0x20000314        0x4 ../../../../../project/mt7697_hdk/hal_examples/uart_loopback_data_dma/GCC/build/driver/chip/mt7687/src/common/top.o
 .bss.gUartClkFreq
                0x20000318        0x4 ../../../../../project/mt7697_hdk/hal_examples/uart_loopback_data_dma/GCC/build/driver/chip/mt7687/src/common/uart.o
                0x20000318                gUartClkFreq
 .bss.nvic_function_table
                0x2000031c      0x300 ../../../../../project/mt7697_hdk/hal_examples/uart_loopback_data_dma/GCC/build/driver/chip/mt7687/src/hal_nvic.o
                0x2000031c                nvic_function_table
 .bss.g_uart_context_table
                0x2000061c       0x60 ../../../../../project/mt7697_hdk/hal_examples/uart_loopback_data_dma/GCC/build/driver/chip/mt7687/src/hal_uart.o
 .bss.g_uart_receive_buffer
                0x2000067c      0x100 ../../../../../project/mt7697_hdk/hal_examples/uart_loopback_data_dma/GCC/build/project/mt7697_hdk/hal_examples/uart_loopback_data_dma/src/main.o
 .bss.g_uart_receive_event
                0x2000077c        0x1 ../../../../../project/mt7697_hdk/hal_examples/uart_loopback_data_dma/GCC/build/project/mt7697_hdk/hal_examples/uart_loopback_data_dma/src/main.o
 *fill*         0x2000077d        0x3 
 .bss.g_uart_send_buffer
                0x20000780      0x100 ../../../../../project/mt7697_hdk/hal_examples/uart_loopback_data_dma/GCC/build/project/mt7697_hdk/hal_examples/uart_loopback_data_dma/src/main.o
 .bss.heap_end.4896
                0x20000880        0x4 ../../../../../project/mt7697_hdk/hal_examples/uart_loopback_data_dma/GCC/build/project/mt7697_hdk/hal_examples/uart_loopback_data_dma/GCC/syscalls.o
 .bss.md_commit_id_str
                0x20000884        0x1 ../../../../../project/mt7697_hdk/hal_examples/uart_loopback_data_dma/GCC/build/middleware/MTK/verno/verno.o
                0x20000884                md_commit_id_str
 *fill*         0x20000885        0x3 
 .bss.__malloc_sbrk_start
                0x20000888        0x4 /media/hhd/github/SDK_V4.7.1/tools/gcc/linux/gcc-arm-none-eabi/bin/../lib/gcc/arm-none-eabi/4.8.4/../../../../arm-none-eabi/lib/armv7e-m/fpu/libc_s.a(lib_a-nano-mallocr.o)
                0x20000888                __malloc_sbrk_start
 .bss.__malloc_free_list
                0x2000088c        0x4 /media/hhd/github/SDK_V4.7.1/tools/gcc/linux/gcc-arm-none-eabi/bin/../lib/gcc/arm-none-eabi/4.8.4/../../../../arm-none-eabi/lib/armv7e-m/fpu/libc_s.a(lib_a-nano-mallocr.o)
                0x2000088c                __malloc_free_list
                0x20000890                . = ALIGN (0x4)
                0x20000890                __bss_end__ = .
                0x20000890                . = ALIGN (0x4)

.heap           0x20000890      0x800
                0x20000890                __end__ = .
                0x20000890                end = __end__
 *(.heap*)
 .heap          0x20000890      0x800 ../../../../../project/mt7697_hdk/hal_examples/uart_loopback_data_dma/GCC/build/project/mt7697_hdk/hal_examples/uart_loopback_data_dma/GCC/startup_mt7687.o
                0x20000890                __HeapBase
                0x20001090                __HeapLimit = .

.stack_dummy    0x20000890      0xc00
 *(.stack)
 .stack         0x20000890      0xc00 ../../../../../project/mt7697_hdk/hal_examples/uart_loopback_data_dma/GCC/build/project/mt7697_hdk/hal_examples/uart_loopback_data_dma/GCC/startup_mt7687.o
                0x2003fc00                __StackTop = (ORIGIN (SYSRAM) + 0x3fc00)
                0x2003f000                __StackLimit = (__StackTop - SIZEOF (.stack_dummy))
                0x2003fc00                PROVIDE (__stack, __StackTop)
                0x00000001                ASSERT ((__StackLimit >= __HeapLimit), region RAM overflowed with stack)
START GROUP
LOAD ../../../../../project/mt7697_hdk/hal_examples/uart_loopback_data_dma/GCC/build/driver/chip/mt7687/src/common/cos_api.o
LOAD ../../../../../project/mt7697_hdk/hal_examples/uart_loopback_data_dma/GCC/build/driver/chip/mt7687/src/common/dma.o
LOAD ../../../../../project/mt7697_hdk/hal_examples/uart_loopback_data_dma/GCC/build/driver/chip/mt7687/src/common/flash_sfc.o
LOAD ../../../../../project/mt7697_hdk/hal_examples/uart_loopback_data_dma/GCC/build/driver/chip/mt7687/src/common/gpt.o
LOAD ../../../../../project/mt7697_hdk/hal_examples/uart_loopback_data_dma/GCC/build/driver/chip/mt7687/src/common/hal_I2C.o
LOAD ../../../../../project/mt7697_hdk/hal_examples/uart_loopback_data_dma/GCC/build/driver/chip/mt7687/src/common/hal_i2s_internal.o
LOAD ../../../../../project/mt7697_hdk/hal_examples/uart_loopback_data_dma/GCC/build/driver/chip/mt7687/src/common/low_hal_irtx.o
LOAD ../../../../../project/mt7697_hdk/hal_examples/uart_loopback_data_dma/GCC/build/driver/chip/mt7687/src/common/low_hal_pwm.o
LOAD ../../../../../project/mt7697_hdk/hal_examples/uart_loopback_data_dma/GCC/build/driver/chip/mt7687/src/common/hal_gpc.o
LOAD ../../../../../project/mt7697_hdk/hal_examples/uart_loopback_data_dma/GCC/build/driver/chip/mt7687/src/common/hal_gpio_7687.o
LOAD ../../../../../project/mt7697_hdk/hal_examples/uart_loopback_data_dma/GCC/build/driver/chip/mt7687/src/common/hal_irrx.o
LOAD ../../../../../project/mt7697_hdk/hal_examples/uart_loopback_data_dma/GCC/build/driver/chip/mt7687/src/common/hal_lp.o
LOAD ../../../../../project/mt7697_hdk/hal_examples/uart_loopback_data_dma/GCC/build/driver/chip/mt7687/src/common/hal_pcnt.o
LOAD ../../../../../project/mt7697_hdk/hal_examples/uart_loopback_data_dma/GCC/build/driver/chip/mt7687/src/common/hal_pinmux.o
LOAD ../../../../../project/mt7697_hdk/hal_examples/uart_loopback_data_dma/GCC/build/driver/chip/mt7687/src/common/hal_spim.o
LOAD ../../../../../project/mt7697_hdk/hal_examples/uart_loopback_data_dma/GCC/build/driver/chip/mt7687/src/common/hal_sys.o
LOAD ../../../../../project/mt7697_hdk/hal_examples/uart_loopback_data_dma/GCC/build/driver/chip/mt7687/src/common/hal_trng.o
LOAD ../../../../../project/mt7697_hdk/hal_examples/uart_loopback_data_dma/GCC/build/driver/chip/mt7687/src/common/hal_uid.o
LOAD ../../../../../project/mt7697_hdk/hal_examples/uart_loopback_data_dma/GCC/build/driver/chip/mt7687/src/common/i2c.o
LOAD ../../../../../project/mt7697_hdk/hal_examples/uart_loopback_data_dma/GCC/build/driver/chip/mt7687/src/common/ir_tx.o
LOAD ../../../../../project/mt7697_hdk/hal_examples/uart_loopback_data_dma/GCC/build/driver/chip/mt7687/src/common/low_hal_gpio.o
LOAD ../../../../../project/mt7697_hdk/hal_examples/uart_loopback_data_dma/GCC/build/driver/chip/mt7687/src/common/low_hal_irrx.o
LOAD ../../../../../project/mt7697_hdk/hal_examples/uart_loopback_data_dma/GCC/build/driver/chip/mt7687/src/common/low_hal_rtc.o
LOAD ../../../../../project/mt7697_hdk/hal_examples/uart_loopback_data_dma/GCC/build/driver/chip/mt7687/src/common/low_hal_wdt.o
LOAD ../../../../../project/mt7697_hdk/hal_examples/uart_loopback_data_dma/GCC/build/driver/chip/mt7687/src/common/nvic.o
LOAD ../../../../../project/mt7697_hdk/hal_examples/uart_loopback_data_dma/GCC/build/driver/chip/mt7687/src/common/pinmux.o
LOAD ../../../../../project/mt7697_hdk/hal_examples/uart_loopback_data_dma/GCC/build/driver/chip/mt7687/src/common/pwm.o
LOAD ../../../../../project/mt7697_hdk/hal_examples/uart_loopback_data_dma/GCC/build/driver/chip/mt7687/src/common/sfc.o
LOAD ../../../../../project/mt7697_hdk/hal_examples/uart_loopback_data_dma/GCC/build/driver/chip/mt7687/src/common/spi_flash.o
LOAD ../../../../../project/mt7697_hdk/hal_examples/uart_loopback_data_dma/GCC/build/driver/chip/mt7687/src/common/spim.o
LOAD ../../../../../project/mt7697_hdk/hal_examples/uart_loopback_data_dma/GCC/build/driver/chip/mt7687/src/common/timer.o
LOAD ../../../../../project/mt7697_hdk/hal_examples/uart_loopback_data_dma/GCC/build/driver/chip/mt7687/src/common/top.o
LOAD ../../../../../project/mt7697_hdk/hal_examples/uart_loopback_data_dma/GCC/build/driver/chip/mt7687/src/common/uart.o
LOAD ../../../../../project/mt7697_hdk/hal_examples/uart_loopback_data_dma/GCC/build/driver/chip/mt7687/src/hal_log.o
LOAD ../../../../../project/mt7697_hdk/hal_examples/uart_loopback_data_dma/GCC/build/driver/chip/mt7687/src/hal_adc.o
LOAD ../../../../../project/mt7697_hdk/hal_examples/uart_loopback_data_dma/GCC/build/driver/chip/mt7687/src/hal_aes.o
LOAD ../../../../../project/mt7697_hdk/hal_examples/uart_loopback_data_dma/GCC/build/driver/chip/mt7687/src/hal_cache.o
LOAD ../../../../../project/mt7697_hdk/hal_examples/uart_loopback_data_dma/GCC/build/driver/chip/mt7687/src/hal_cache_internal.o
LOAD ../../../../../project/mt7697_hdk/hal_examples/uart_loopback_data_dma/GCC/build/driver/chip/mt7687/src/hal_des.o
LOAD ../../../../../project/mt7697_hdk/hal_examples/uart_loopback_data_dma/GCC/build/driver/chip/mt7687/src/hal_eint.o
LOAD ../../../../../project/mt7697_hdk/hal_examples/uart_loopback_data_dma/GCC/build/driver/chip/mt7687/src/hal_nvic.o
LOAD ../../../../../project/mt7697_hdk/hal_examples/uart_loopback_data_dma/GCC/build/driver/chip/mt7687/src/hal_nvic_internal.o
LOAD ../../../../../project/mt7697_hdk/hal_examples/uart_loopback_data_dma/GCC/build/driver/chip/mt7687/src/hal_flash.o
LOAD ../../../../../project/mt7697_hdk/hal_examples/uart_loopback_data_dma/GCC/build/driver/chip/mt7687/src/hal_gpio.o
LOAD ../../../../../project/mt7697_hdk/hal_examples/uart_loopback_data_dma/GCC/build/driver/chip/mt7687/src/hal_i2c_master.o
LOAD ../../../../../project/mt7697_hdk/hal_examples/uart_loopback_data_dma/GCC/build/driver/chip/mt7687/src/hal_i2s.o
LOAD ../../../../../project/mt7697_hdk/hal_examples/uart_loopback_data_dma/GCC/build/driver/chip/mt7687/src/hal_irtx.o
LOAD ../../../../../project/mt7697_hdk/hal_examples/uart_loopback_data_dma/GCC/build/driver/chip/mt7687/src/hal_gdma.o
LOAD ../../../../../project/mt7697_hdk/hal_examples/uart_loopback_data_dma/GCC/build/driver/chip/mt7687/src/hal_gpt.o
LOAD ../../../../../project/mt7697_hdk/hal_examples/uart_loopback_data_dma/GCC/build/driver/chip/mt7687/src/hal_md5.o
LOAD ../../../../../project/mt7697_hdk/hal_examples/uart_loopback_data_dma/GCC/build/driver/chip/mt7687/src/hal_pwm.o
LOAD ../../../../../project/mt7697_hdk/hal_examples/uart_loopback_data_dma/GCC/build/driver/chip/mt7687/src/hal_rtc.o
LOAD ../../../../../project/mt7697_hdk/hal_examples/uart_loopback_data_dma/GCC/build/driver/chip/mt7687/src/hal_sha.o
LOAD ../../../../../project/mt7697_hdk/hal_examples/uart_loopback_data_dma/GCC/build/driver/chip/mt7687/src/hal_spi_master.o
LOAD ../../../../../project/mt7697_hdk/hal_examples/uart_loopback_data_dma/GCC/build/driver/chip/mt7687/src/hal_spi_slave.o
LOAD ../../../../../project/mt7697_hdk/hal_examples/uart_loopback_data_dma/GCC/build/driver/chip/mt7687/src/hal_uart.o
LOAD ../../../../../project/mt7697_hdk/hal_examples/uart_loopback_data_dma/GCC/build/driver/chip/mt7687/src/hal_audio_internal_service.o
LOAD ../../../../../project/mt7697_hdk/hal_examples/uart_loopback_data_dma/GCC/build/driver/chip/mt7687/src/hal_wdt.o
LOAD ../../../../../project/mt7697_hdk/hal_examples/uart_loopback_data_dma/GCC/build/driver/chip/mt7687/src/hal_misc.o
LOAD ../../../../../project/mt7697_hdk/hal_examples/uart_loopback_data_dma/GCC/build/driver/chip/mt7687/src/hal_dwt.o
LOAD ../../../../../project/mt7697_hdk/hal_examples/uart_loopback_data_dma/GCC/build/driver/board/mt76x7_hdk/external_flash/src/bsp_flash_config.o
LOAD ../../../../../project/mt7697_hdk/hal_examples/uart_loopback_data_dma/GCC/build/driver/chip/mt7687/src_core/hal_efuse.o
LOAD ../../../../../project/mt7697_hdk/hal_examples/uart_loopback_data_dma/GCC/build/driver/chip/mt7687/src_core/hal_sleep_manager.o
LOAD ../../../../../project/mt7697_hdk/hal_examples/uart_loopback_data_dma/GCC/build/driver/chip/mt7687/src_core/hal_sleep_driver.o
LOAD ../../../../../project/mt7697_hdk/hal_examples/uart_loopback_data_dma/GCC/build/project/mt7697_hdk/hal_examples/uart_loopback_data_dma/src/main.o
LOAD ../../../../../project/mt7697_hdk/hal_examples/uart_loopback_data_dma/GCC/build/project/mt7697_hdk/hal_examples/uart_loopback_data_dma/src/system_mt7687.o
LOAD ../../../../../project/mt7697_hdk/hal_examples/uart_loopback_data_dma/GCC/build/project/mt7697_hdk/hal_examples/uart_loopback_data_dma/GCC/syscalls.o
LOAD ../../../../../project/mt7697_hdk/hal_examples/uart_loopback_data_dma/GCC/build/project/mt7697_hdk/hal_examples/uart_loopback_data_dma/GCC/startup_mt7687.o
LOAD ../../../../../prebuilt/driver/chip/mt7687/lib/libhal_protected_CM4_GCC.a
LOAD ../../../../../project/mt7697_hdk/hal_examples/uart_loopback_data_dma/GCC/build/middleware/MTK/verno/verno.o
END GROUP
LOAD /media/hhd/github/SDK_V4.7.1/tools/gcc/linux/gcc-arm-none-eabi/bin/../lib/gcc/arm-none-eabi/4.8.4/../../../../arm-none-eabi/lib/armv7e-m/fpu/libm.a
START GROUP
LOAD /media/hhd/github/SDK_V4.7.1/tools/gcc/linux/gcc-arm-none-eabi/bin/../lib/gcc/arm-none-eabi/4.8.4/armv7e-m/fpu/libgcc.a
LOAD /media/hhd/github/SDK_V4.7.1/tools/gcc/linux/gcc-arm-none-eabi/bin/../lib/gcc/arm-none-eabi/4.8.4/../../../../arm-none-eabi/lib/armv7e-m/fpu/libc_s.a
END GROUP
START GROUP
LOAD /media/hhd/github/SDK_V4.7.1/tools/gcc/linux/gcc-arm-none-eabi/bin/../lib/gcc/arm-none-eabi/4.8.4/armv7e-m/fpu/libgcc.a
LOAD /media/hhd/github/SDK_V4.7.1/tools/gcc/linux/gcc-arm-none-eabi/bin/../lib/gcc/arm-none-eabi/4.8.4/../../../../arm-none-eabi/lib/armv7e-m/fpu/libc_s.a
END GROUP
OUTPUT(../../../../../project/mt7697_hdk/hal_examples/uart_loopback_data_dma/GCC/build/uart_loopback_data_dma.elf elf32-littlearm)

.debug_info     0x00000000     0x924c
 .debug_info    0x00000000     0x1399 ../../../../../project/mt7697_hdk/hal_examples/uart_loopback_data_dma/GCC/build/driver/chip/mt7687/src/common/dma.o
 .debug_info    0x00001399      0x619 ../../../../../project/mt7697_hdk/hal_examples/uart_loopback_data_dma/GCC/build/driver/chip/mt7687/src/common/hal_gpio_7687.o
 .debug_info    0x000019b2      0x334 ../../../../../project/mt7697_hdk/hal_examples/uart_loopback_data_dma/GCC/build/driver/chip/mt7687/src/common/hal_pinmux.o
 .debug_info    0x00001ce6      0x510 ../../../../../project/mt7697_hdk/hal_examples/uart_loopback_data_dma/GCC/build/driver/chip/mt7687/src/common/nvic.o
 .debug_info    0x000021f6      0x3c8 ../../../../../project/mt7697_hdk/hal_examples/uart_loopback_data_dma/GCC/build/driver/chip/mt7687/src/common/pinmux.o
 .debug_info    0x000025be      0xa09 ../../../../../project/mt7697_hdk/hal_examples/uart_loopback_data_dma/GCC/build/driver/chip/mt7687/src/common/top.o
 .debug_info    0x00002fc7      0x9a2 ../../../../../project/mt7697_hdk/hal_examples/uart_loopback_data_dma/GCC/build/driver/chip/mt7687/src/common/uart.o
 .debug_info    0x00003969      0x449 ../../../../../project/mt7697_hdk/hal_examples/uart_loopback_data_dma/GCC/build/driver/chip/mt7687/src/hal_log.o
 .debug_info    0x00003db2      0xaa7 ../../../../../project/mt7697_hdk/hal_examples/uart_loopback_data_dma/GCC/build/driver/chip/mt7687/src/hal_cache.o
 .debug_info    0x00004859      0xb22 ../../../../../project/mt7697_hdk/hal_examples/uart_loopback_data_dma/GCC/build/driver/chip/mt7687/src/hal_nvic.o
 .debug_info    0x0000537b      0x9da ../../../../../project/mt7697_hdk/hal_examples/uart_loopback_data_dma/GCC/build/driver/chip/mt7687/src/hal_gpio.o
 .debug_info    0x00005d55     0x18ba ../../../../../project/mt7697_hdk/hal_examples/uart_loopback_data_dma/GCC/build/driver/chip/mt7687/src/hal_uart.o
 .debug_info    0x0000760f      0x832 ../../../../../project/mt7697_hdk/hal_examples/uart_loopback_data_dma/GCC/build/project/mt7697_hdk/hal_examples/uart_loopback_data_dma/src/main.o
 .debug_info    0x00007e41      0x4f5 ../../../../../project/mt7697_hdk/hal_examples/uart_loopback_data_dma/GCC/build/project/mt7697_hdk/hal_examples/uart_loopback_data_dma/src/system_mt7687.o
 .debug_info    0x00008336      0xd9f ../../../../../project/mt7697_hdk/hal_examples/uart_loopback_data_dma/GCC/build/project/mt7697_hdk/hal_examples/uart_loopback_data_dma/GCC/syscalls.o
 .debug_info    0x000090d5       0xd7 ../../../../../project/mt7697_hdk/hal_examples/uart_loopback_data_dma/GCC/build/project/mt7697_hdk/hal_examples/uart_loopback_data_dma/GCC/startup_mt7687.o
 .debug_info    0x000091ac       0xa0 ../../../../../project/mt7697_hdk/hal_examples/uart_loopback_data_dma/GCC/build/middleware/MTK/verno/verno.o

.debug_abbrev   0x00000000     0x2038
 .debug_abbrev  0x00000000      0x3e2 ../../../../../project/mt7697_hdk/hal_examples/uart_loopback_data_dma/GCC/build/driver/chip/mt7687/src/common/dma.o
 .debug_abbrev  0x000003e2      0x1b7 ../../../../../project/mt7697_hdk/hal_examples/uart_loopback_data_dma/GCC/build/driver/chip/mt7687/src/common/hal_gpio_7687.o
 .debug_abbrev  0x00000599       0xd3 ../../../../../project/mt7697_hdk/hal_examples/uart_loopback_data_dma/GCC/build/driver/chip/mt7687/src/common/hal_pinmux.o
 .debug_abbrev  0x0000066c      0x19f ../../../../../project/mt7697_hdk/hal_examples/uart_loopback_data_dma/GCC/build/driver/chip/mt7687/src/common/nvic.o
 .debug_abbrev  0x0000080b       0xc4 ../../../../../project/mt7697_hdk/hal_examples/uart_loopback_data_dma/GCC/build/driver/chip/mt7687/src/common/pinmux.o
 .debug_abbrev  0x000008cf      0x273 ../../../../../project/mt7697_hdk/hal_examples/uart_loopback_data_dma/GCC/build/driver/chip/mt7687/src/common/top.o
 .debug_abbrev  0x00000b42      0x252 ../../../../../project/mt7697_hdk/hal_examples/uart_loopback_data_dma/GCC/build/driver/chip/mt7687/src/common/uart.o
 .debug_abbrev  0x00000d94      0x17c ../../../../../project/mt7697_hdk/hal_examples/uart_loopback_data_dma/GCC/build/driver/chip/mt7687/src/hal_log.o
 .debug_abbrev  0x00000f10      0x272 ../../../../../project/mt7697_hdk/hal_examples/uart_loopback_data_dma/GCC/build/driver/chip/mt7687/src/hal_cache.o
 .debug_abbrev  0x00001182      0x2f8 ../../../../../project/mt7697_hdk/hal_examples/uart_loopback_data_dma/GCC/build/driver/chip/mt7687/src/hal_nvic.o
 .debug_abbrev  0x0000147a      0x184 ../../../../../project/mt7697_hdk/hal_examples/uart_loopback_data_dma/GCC/build/driver/chip/mt7687/src/hal_gpio.o
 .debug_abbrev  0x000015fe      0x40b ../../../../../project/mt7697_hdk/hal_examples/uart_loopback_data_dma/GCC/build/driver/chip/mt7687/src/hal_uart.o
 .debug_abbrev  0x00001a09      0x20d ../../../../../project/mt7697_hdk/hal_examples/uart_loopback_data_dma/GCC/build/project/mt7697_hdk/hal_examples/uart_loopback_data_dma/src/main.o
 .debug_abbrev  0x00001c16      0x18b ../../../../../project/mt7697_hdk/hal_examples/uart_loopback_data_dma/GCC/build/project/mt7697_hdk/hal_examples/uart_loopback_data_dma/src/system_mt7687.o
 .debug_abbrev  0x00001da1      0x249 ../../../../../project/mt7697_hdk/hal_examples/uart_loopback_data_dma/GCC/build/project/mt7697_hdk/hal_examples/uart_loopback_data_dma/GCC/syscalls.o
 .debug_abbrev  0x00001fea       0x12 ../../../../../project/mt7697_hdk/hal_examples/uart_loopback_data_dma/GCC/build/project/mt7697_hdk/hal_examples/uart_loopback_data_dma/GCC/startup_mt7687.o
 .debug_abbrev  0x00001ffc       0x3c ../../../../../project/mt7697_hdk/hal_examples/uart_loopback_data_dma/GCC/build/middleware/MTK/verno/verno.o

.debug_loc      0x00000000     0x5613
 .debug_loc     0x00000000      0xae5 ../../../../../project/mt7697_hdk/hal_examples/uart_loopback_data_dma/GCC/build/driver/chip/mt7687/src/common/dma.o
 .debug_loc     0x00000ae5      0xe30 ../../../../../project/mt7697_hdk/hal_examples/uart_loopback_data_dma/GCC/build/driver/chip/mt7687/src/common/hal_gpio_7687.o
 .debug_loc     0x00001915      0x38b ../../../../../project/mt7697_hdk/hal_examples/uart_loopback_data_dma/GCC/build/driver/chip/mt7687/src/common/hal_pinmux.o
 .debug_loc     0x00001ca0      0x480 ../../../../../project/mt7697_hdk/hal_examples/uart_loopback_data_dma/GCC/build/driver/chip/mt7687/src/common/pinmux.o
 .debug_loc     0x00002120      0x40d ../../../../../project/mt7697_hdk/hal_examples/uart_loopback_data_dma/GCC/build/driver/chip/mt7687/src/common/top.o
 .debug_loc     0x0000252d      0x8aa ../../../../../project/mt7697_hdk/hal_examples/uart_loopback_data_dma/GCC/build/driver/chip/mt7687/src/common/uart.o
 .debug_loc     0x00002dd7      0x1b8 ../../../../../project/mt7697_hdk/hal_examples/uart_loopback_data_dma/GCC/build/driver/chip/mt7687/src/hal_log.o
 .debug_loc     0x00002f8f      0x5b8 ../../../../../project/mt7697_hdk/hal_examples/uart_loopback_data_dma/GCC/build/driver/chip/mt7687/src/hal_cache.o
 .debug_loc     0x00003547      0x526 ../../../../../project/mt7697_hdk/hal_examples/uart_loopback_data_dma/GCC/build/driver/chip/mt7687/src/hal_nvic.o
 .debug_loc     0x00003a6d      0x7e8 ../../../../../project/mt7697_hdk/hal_examples/uart_loopback_data_dma/GCC/build/driver/chip/mt7687/src/hal_gpio.o
 .debug_loc     0x00004255     0x1037 ../../../../../project/mt7697_hdk/hal_examples/uart_loopback_data_dma/GCC/build/driver/chip/mt7687/src/hal_uart.o
 .debug_loc     0x0000528c       0x76 ../../../../../project/mt7697_hdk/hal_examples/uart_loopback_data_dma/GCC/build/project/mt7697_hdk/hal_examples/uart_loopback_data_dma/src/main.o
 .debug_loc     0x00005302       0x71 ../../../../../project/mt7697_hdk/hal_examples/uart_loopback_data_dma/GCC/build/project/mt7697_hdk/hal_examples/uart_loopback_data_dma/src/system_mt7687.o
 .debug_loc     0x00005373      0x2a0 ../../../../../project/mt7697_hdk/hal_examples/uart_loopback_data_dma/GCC/build/project/mt7697_hdk/hal_examples/uart_loopback_data_dma/GCC/syscalls.o

.debug_aranges  0x00000000      0x6e8
 .debug_aranges
                0x00000000       0xd8 ../../../../../project/mt7697_hdk/hal_examples/uart_loopback_data_dma/GCC/build/driver/chip/mt7687/src/common/dma.o
 .debug_aranges
                0x000000d8       0x80 ../../../../../project/mt7697_hdk/hal_examples/uart_loopback_data_dma/GCC/build/driver/chip/mt7687/src/common/hal_gpio_7687.o
 .debug_aranges
                0x00000158       0x20 ../../../../../project/mt7697_hdk/hal_examples/uart_loopback_data_dma/GCC/build/driver/chip/mt7687/src/common/hal_pinmux.o
 .debug_aranges
                0x00000178       0x38 ../../../../../project/mt7697_hdk/hal_examples/uart_loopback_data_dma/GCC/build/driver/chip/mt7687/src/common/nvic.o
 .debug_aranges
                0x000001b0       0x20 ../../../../../project/mt7697_hdk/hal_examples/uart_loopback_data_dma/GCC/build/driver/chip/mt7687/src/common/pinmux.o
 .debug_aranges
                0x000001d0       0x70 ../../../../../project/mt7697_hdk/hal_examples/uart_loopback_data_dma/GCC/build/driver/chip/mt7687/src/common/top.o
 .debug_aranges
                0x00000240       0xb0 ../../../../../project/mt7697_hdk/hal_examples/uart_loopback_data_dma/GCC/build/driver/chip/mt7687/src/common/uart.o
 .debug_aranges
                0x000002f0       0x40 ../../../../../project/mt7697_hdk/hal_examples/uart_loopback_data_dma/GCC/build/driver/chip/mt7687/src/hal_log.o
 .debug_aranges
                0x00000330       0x90 ../../../../../project/mt7697_hdk/hal_examples/uart_loopback_data_dma/GCC/build/driver/chip/mt7687/src/hal_cache.o
 .debug_aranges
                0x000003c0       0x80 ../../../../../project/mt7697_hdk/hal_examples/uart_loopback_data_dma/GCC/build/driver/chip/mt7687/src/hal_nvic.o
 .debug_aranges
                0x00000440       0x90 ../../../../../project/mt7697_hdk/hal_examples/uart_loopback_data_dma/GCC/build/driver/chip/mt7687/src/hal_gpio.o
 .debug_aranges
                0x000004d0       0xe8 ../../../../../project/mt7697_hdk/hal_examples/uart_loopback_data_dma/GCC/build/driver/chip/mt7687/src/hal_uart.o
 .debug_aranges
                0x000005b8       0x38 ../../../../../project/mt7697_hdk/hal_examples/uart_loopback_data_dma/GCC/build/project/mt7697_hdk/hal_examples/uart_loopback_data_dma/src/main.o
 .debug_aranges
                0x000005f0       0x48 ../../../../../project/mt7697_hdk/hal_examples/uart_loopback_data_dma/GCC/build/project/mt7697_hdk/hal_examples/uart_loopback_data_dma/src/system_mt7687.o
 .debug_aranges
                0x00000638       0x70 ../../../../../project/mt7697_hdk/hal_examples/uart_loopback_data_dma/GCC/build/project/mt7697_hdk/hal_examples/uart_loopback_data_dma/GCC/syscalls.o
 .debug_aranges
                0x000006a8       0x28 ../../../../../project/mt7697_hdk/hal_examples/uart_loopback_data_dma/GCC/build/project/mt7697_hdk/hal_examples/uart_loopback_data_dma/GCC/startup_mt7687.o
 .debug_aranges
                0x000006d0       0x18 ../../../../../project/mt7697_hdk/hal_examples/uart_loopback_data_dma/GCC/build/middleware/MTK/verno/verno.o

.debug_ranges   0x00000000      0x730
 .debug_ranges  0x00000000       0xe0 ../../../../../project/mt7697_hdk/hal_examples/uart_loopback_data_dma/GCC/build/driver/chip/mt7687/src/common/dma.o
 .debug_ranges  0x000000e0       0x70 ../../../../../project/mt7697_hdk/hal_examples/uart_loopback_data_dma/GCC/build/driver/chip/mt7687/src/common/hal_gpio_7687.o
 .debug_ranges  0x00000150       0x10 ../../../../../project/mt7697_hdk/hal_examples/uart_loopback_data_dma/GCC/build/driver/chip/mt7687/src/common/hal_pinmux.o
 .debug_ranges  0x00000160       0x28 ../../../../../project/mt7697_hdk/hal_examples/uart_loopback_data_dma/GCC/build/driver/chip/mt7687/src/common/nvic.o
 .debug_ranges  0x00000188       0x10 ../../../../../project/mt7697_hdk/hal_examples/uart_loopback_data_dma/GCC/build/driver/chip/mt7687/src/common/pinmux.o
 .debug_ranges  0x00000198       0xc0 ../../../../../project/mt7697_hdk/hal_examples/uart_loopback_data_dma/GCC/build/driver/chip/mt7687/src/common/top.o
 .debug_ranges  0x00000258       0xa0 ../../../../../project/mt7697_hdk/hal_examples/uart_loopback_data_dma/GCC/build/driver/chip/mt7687/src/common/uart.o
 .debug_ranges  0x000002f8       0x30 ../../../../../project/mt7697_hdk/hal_examples/uart_loopback_data_dma/GCC/build/driver/chip/mt7687/src/hal_log.o
 .debug_ranges  0x00000328       0x80 ../../../../../project/mt7697_hdk/hal_examples/uart_loopback_data_dma/GCC/build/driver/chip/mt7687/src/hal_cache.o
 .debug_ranges  0x000003a8       0x88 ../../../../../project/mt7697_hdk/hal_examples/uart_loopback_data_dma/GCC/build/driver/chip/mt7687/src/hal_nvic.o
 .debug_ranges  0x00000430       0x80 ../../../../../project/mt7697_hdk/hal_examples/uart_loopback_data_dma/GCC/build/driver/chip/mt7687/src/hal_gpio.o
 .debug_ranges  0x000004b0      0x1a0 ../../../../../project/mt7697_hdk/hal_examples/uart_loopback_data_dma/GCC/build/driver/chip/mt7687/src/hal_uart.o
 .debug_ranges  0x00000650       0x28 ../../../../../project/mt7697_hdk/hal_examples/uart_loopback_data_dma/GCC/build/project/mt7697_hdk/hal_examples/uart_loopback_data_dma/src/main.o
 .debug_ranges  0x00000678       0x38 ../../../../../project/mt7697_hdk/hal_examples/uart_loopback_data_dma/GCC/build/project/mt7697_hdk/hal_examples/uart_loopback_data_dma/src/system_mt7687.o
 .debug_ranges  0x000006b0       0x60 ../../../../../project/mt7697_hdk/hal_examples/uart_loopback_data_dma/GCC/build/project/mt7697_hdk/hal_examples/uart_loopback_data_dma/GCC/syscalls.o
 .debug_ranges  0x00000710       0x20 ../../../../../project/mt7697_hdk/hal_examples/uart_loopback_data_dma/GCC/build/project/mt7697_hdk/hal_examples/uart_loopback_data_dma/GCC/startup_mt7687.o

.debug_line     0x00000000     0x3649
 .debug_line    0x00000000      0x62e ../../../../../project/mt7697_hdk/hal_examples/uart_loopback_data_dma/GCC/build/driver/chip/mt7687/src/common/dma.o
 .debug_line    0x0000062e      0x40d ../../../../../project/mt7697_hdk/hal_examples/uart_loopback_data_dma/GCC/build/driver/chip/mt7687/src/common/hal_gpio_7687.o
 .debug_line    0x00000a3b      0x25b ../../../../../project/mt7697_hdk/hal_examples/uart_loopback_data_dma/GCC/build/driver/chip/mt7687/src/common/hal_pinmux.o
 .debug_line    0x00000c96      0x1b1 ../../../../../project/mt7697_hdk/hal_examples/uart_loopback_data_dma/GCC/build/driver/chip/mt7687/src/common/nvic.o
 .debug_line    0x00000e47      0x233 ../../../../../project/mt7697_hdk/hal_examples/uart_loopback_data_dma/GCC/build/driver/chip/mt7687/src/common/pinmux.o
 .debug_line    0x0000107a      0x505 ../../../../../project/mt7697_hdk/hal_examples/uart_loopback_data_dma/GCC/build/driver/chip/mt7687/src/common/top.o
 .debug_line    0x0000157f      0x418 ../../../../../project/mt7697_hdk/hal_examples/uart_loopback_data_dma/GCC/build/driver/chip/mt7687/src/common/uart.o
 .debug_line    0x00001997      0x27e ../../../../../project/mt7697_hdk/hal_examples/uart_loopback_data_dma/GCC/build/driver/chip/mt7687/src/hal_log.o
 .debug_line    0x00001c15      0x3f7 ../../../../../project/mt7697_hdk/hal_examples/uart_loopback_data_dma/GCC/build/driver/chip/mt7687/src/hal_cache.o
 .debug_line    0x0000200c      0x39c ../../../../../project/mt7697_hdk/hal_examples/uart_loopback_data_dma/GCC/build/driver/chip/mt7687/src/hal_nvic.o
 .debug_line    0x000023a8      0x382 ../../../../../project/mt7697_hdk/hal_examples/uart_loopback_data_dma/GCC/build/driver/chip/mt7687/src/hal_gpio.o
 .debug_line    0x0000272a      0x631 ../../../../../project/mt7697_hdk/hal_examples/uart_loopback_data_dma/GCC/build/driver/chip/mt7687/src/hal_uart.o
 .debug_line    0x00002d5b      0x27e ../../../../../project/mt7697_hdk/hal_examples/uart_loopback_data_dma/GCC/build/project/mt7697_hdk/hal_examples/uart_loopback_data_dma/src/main.o
 .debug_line    0x00002fd9      0x240 ../../../../../project/mt7697_hdk/hal_examples/uart_loopback_data_dma/GCC/build/project/mt7697_hdk/hal_examples/uart_loopback_data_dma/src/system_mt7687.o
 .debug_line    0x00003219      0x2b1 ../../../../../project/mt7697_hdk/hal_examples/uart_loopback_data_dma/GCC/build/project/mt7697_hdk/hal_examples/uart_loopback_data_dma/GCC/syscalls.o
 .debug_line    0x000034ca       0xe4 ../../../../../project/mt7697_hdk/hal_examples/uart_loopback_data_dma/GCC/build/project/mt7697_hdk/hal_examples/uart_loopback_data_dma/GCC/startup_mt7687.o
 .debug_line    0x000035ae       0x9b ../../../../../project/mt7697_hdk/hal_examples/uart_loopback_data_dma/GCC/build/middleware/MTK/verno/verno.o

.debug_str      0x00000000     0x3cab
 .debug_str     0x00000000      0xc63 ../../../../../project/mt7697_hdk/hal_examples/uart_loopback_data_dma/GCC/build/driver/chip/mt7687/src/common/dma.o
                                0xd0e (size before relaxing)
 .debug_str     0x00000c63      0x224 ../../../../../project/mt7697_hdk/hal_examples/uart_loopback_data_dma/GCC/build/driver/chip/mt7687/src/common/hal_gpio_7687.o
                                0x4ab (size before relaxing)
 .debug_str     0x00000e87      0x480 ../../../../../project/mt7697_hdk/hal_examples/uart_loopback_data_dma/GCC/build/driver/chip/mt7687/src/common/hal_pinmux.o
                                0x71b (size before relaxing)
 .debug_str     0x00001307      0x10c ../../../../../project/mt7697_hdk/hal_examples/uart_loopback_data_dma/GCC/build/driver/chip/mt7687/src/common/nvic.o
                                0x3fd (size before relaxing)
 .debug_str     0x00001413      0x238 ../../../../../project/mt7697_hdk/hal_examples/uart_loopback_data_dma/GCC/build/driver/chip/mt7687/src/common/pinmux.o
                                0x8e8 (size before relaxing)
 .debug_str     0x0000164b      0x1bb ../../../../../project/mt7697_hdk/hal_examples/uart_loopback_data_dma/GCC/build/driver/chip/mt7687/src/common/top.o
                                0x445 (size before relaxing)
 .debug_str     0x00001806      0x2b6 ../../../../../project/mt7697_hdk/hal_examples/uart_loopback_data_dma/GCC/build/driver/chip/mt7687/src/common/uart.o
                                0x752 (size before relaxing)
 .debug_str     0x00001abc      0x116 ../../../../../project/mt7697_hdk/hal_examples/uart_loopback_data_dma/GCC/build/driver/chip/mt7687/src/hal_log.o
                                0x436 (size before relaxing)
 .debug_str     0x00001bd2      0x7a8 ../../../../../project/mt7697_hdk/hal_examples/uart_loopback_data_dma/GCC/build/driver/chip/mt7687/src/hal_cache.o
                                0xa6a (size before relaxing)
 .debug_str     0x0000237a      0x190 ../../../../../project/mt7697_hdk/hal_examples/uart_loopback_data_dma/GCC/build/driver/chip/mt7687/src/hal_nvic.o
                                0x925 (size before relaxing)
 .debug_str     0x0000250a      0x5f6 ../../../../../project/mt7697_hdk/hal_examples/uart_loopback_data_dma/GCC/build/driver/chip/mt7687/src/hal_gpio.o
                                0xaec (size before relaxing)
 .debug_str     0x00002b00      0x9f9 ../../../../../project/mt7697_hdk/hal_examples/uart_loopback_data_dma/GCC/build/driver/chip/mt7687/src/hal_uart.o
                               0x1077 (size before relaxing)
 .debug_str     0x000034f9      0x114 ../../../../../project/mt7697_hdk/hal_examples/uart_loopback_data_dma/GCC/build/project/mt7697_hdk/hal_examples/uart_loopback_data_dma/src/main.o
                                0xb88 (size before relaxing)
 .debug_str     0x0000360d       0xd2 ../../../../../project/mt7697_hdk/hal_examples/uart_loopback_data_dma/GCC/build/project/mt7697_hdk/hal_examples/uart_loopback_data_dma/src/system_mt7687.o
                                0x4ad (size before relaxing)
 .debug_str     0x000036df      0x512 ../../../../../project/mt7697_hdk/hal_examples/uart_loopback_data_dma/GCC/build/project/mt7697_hdk/hal_examples/uart_loopback_data_dma/GCC/syscalls.o
                                0x7c3 (size before relaxing)
 .debug_str     0x00003bf1       0xba ../../../../../project/mt7697_hdk/hal_examples/uart_loopback_data_dma/GCC/build/middleware/MTK/verno/verno.o
                                0x20d (size before relaxing)

.comment        0x00000000       0x70
 .comment       0x00000000       0x70 ../../../../../project/mt7697_hdk/hal_examples/uart_loopback_data_dma/GCC/build/driver/chip/mt7687/src/common/dma.o
                                 0x71 (size before relaxing)
 .comment       0x00000000       0x71 ../../../../../project/mt7697_hdk/hal_examples/uart_loopback_data_dma/GCC/build/driver/chip/mt7687/src/common/hal_gpio_7687.o
 .comment       0x00000000       0x71 ../../../../../project/mt7697_hdk/hal_examples/uart_loopback_data_dma/GCC/build/driver/chip/mt7687/src/common/hal_pinmux.o
 .comment       0x00000000       0x71 ../../../../../project/mt7697_hdk/hal_examples/uart_loopback_data_dma/GCC/build/driver/chip/mt7687/src/common/nvic.o
 .comment       0x00000000       0x71 ../../../../../project/mt7697_hdk/hal_examples/uart_loopback_data_dma/GCC/build/driver/chip/mt7687/src/common/pinmux.o
 .comment       0x00000000       0x71 ../../../../../project/mt7697_hdk/hal_examples/uart_loopback_data_dma/GCC/build/driver/chip/mt7687/src/common/top.o
 .comment       0x00000000       0x71 ../../../../../project/mt7697_hdk/hal_examples/uart_loopback_data_dma/GCC/build/driver/chip/mt7687/src/common/uart.o
 .comment       0x00000000       0x71 ../../../../../project/mt7697_hdk/hal_examples/uart_loopback_data_dma/GCC/build/driver/chip/mt7687/src/hal_log.o
 .comment       0x00000000       0x71 ../../../../../project/mt7697_hdk/hal_examples/uart_loopback_data_dma/GCC/build/driver/chip/mt7687/src/hal_cache.o
 .comment       0x00000000       0x71 ../../../../../project/mt7697_hdk/hal_examples/uart_loopback_data_dma/GCC/build/driver/chip/mt7687/src/hal_nvic.o
 .comment       0x00000000       0x71 ../../../../../project/mt7697_hdk/hal_examples/uart_loopback_data_dma/GCC/build/driver/chip/mt7687/src/hal_gpio.o
 .comment       0x00000000       0x71 ../../../../../project/mt7697_hdk/hal_examples/uart_loopback_data_dma/GCC/build/driver/chip/mt7687/src/hal_uart.o
 .comment       0x00000000       0x71 ../../../../../project/mt7697_hdk/hal_examples/uart_loopback_data_dma/GCC/build/project/mt7697_hdk/hal_examples/uart_loopback_data_dma/src/main.o
 .comment       0x00000000       0x71 ../../../../../project/mt7697_hdk/hal_examples/uart_loopback_data_dma/GCC/build/project/mt7697_hdk/hal_examples/uart_loopback_data_dma/src/system_mt7687.o
 .comment       0x00000000       0x71 ../../../../../project/mt7697_hdk/hal_examples/uart_loopback_data_dma/GCC/build/project/mt7697_hdk/hal_examples/uart_loopback_data_dma/GCC/syscalls.o
 .comment       0x00000000       0x71 ../../../../../project/mt7697_hdk/hal_examples/uart_loopback_data_dma/GCC/build/middleware/MTK/verno/verno.o

.ARM.attributes
                0x00000000       0x37
 .ARM.attributes
                0x00000000       0x39 ../../../../../project/mt7697_hdk/hal_examples/uart_loopback_data_dma/GCC/build/driver/chip/mt7687/src/common/dma.o
 .ARM.attributes
                0x00000039       0x39 ../../../../../project/mt7697_hdk/hal_examples/uart_loopback_data_dma/GCC/build/driver/chip/mt7687/src/common/hal_gpio_7687.o
 .ARM.attributes
                0x00000072       0x39 ../../../../../project/mt7697_hdk/hal_examples/uart_loopback_data_dma/GCC/build/driver/chip/mt7687/src/common/hal_pinmux.o
 .ARM.attributes
                0x000000ab       0x39 ../../../../../project/mt7697_hdk/hal_examples/uart_loopback_data_dma/GCC/build/driver/chip/mt7687/src/common/nvic.o
 .ARM.attributes
                0x000000e4       0x39 ../../../../../project/mt7697_hdk/hal_examples/uart_loopback_data_dma/GCC/build/driver/chip/mt7687/src/common/pinmux.o
 .ARM.attributes
                0x0000011d       0x39 ../../../../../project/mt7697_hdk/hal_examples/uart_loopback_data_dma/GCC/build/driver/chip/mt7687/src/common/top.o
 .ARM.attributes
                0x00000156       0x39 ../../../../../project/mt7697_hdk/hal_examples/uart_loopback_data_dma/GCC/build/driver/chip/mt7687/src/common/uart.o
 .ARM.attributes
                0x0000018f       0x39 ../../../../../project/mt7697_hdk/hal_examples/uart_loopback_data_dma/GCC/build/driver/chip/mt7687/src/hal_log.o
 .ARM.attributes
                0x000001c8       0x39 ../../../../../project/mt7697_hdk/hal_examples/uart_loopback_data_dma/GCC/build/driver/chip/mt7687/src/hal_cache.o
 .ARM.attributes
                0x00000201       0x39 ../../../../../project/mt7697_hdk/hal_examples/uart_loopback_data_dma/GCC/build/driver/chip/mt7687/src/hal_nvic.o
 .ARM.attributes
                0x0000023a       0x39 ../../../../../project/mt7697_hdk/hal_examples/uart_loopback_data_dma/GCC/build/driver/chip/mt7687/src/hal_gpio.o
 .ARM.attributes
                0x00000273       0x39 ../../../../../project/mt7697_hdk/hal_examples/uart_loopback_data_dma/GCC/build/driver/chip/mt7687/src/hal_uart.o
 .ARM.attributes
                0x000002ac       0x39 ../../../../../project/mt7697_hdk/hal_examples/uart_loopback_data_dma/GCC/build/project/mt7697_hdk/hal_examples/uart_loopback_data_dma/src/main.o
 .ARM.attributes
                0x000002e5       0x39 ../../../../../project/mt7697_hdk/hal_examples/uart_loopback_data_dma/GCC/build/project/mt7697_hdk/hal_examples/uart_loopback_data_dma/src/system_mt7687.o
 .ARM.attributes
                0x0000031e       0x39 ../../../../../project/mt7697_hdk/hal_examples/uart_loopback_data_dma/GCC/build/project/mt7697_hdk/hal_examples/uart_loopback_data_dma/GCC/syscalls.o
 .ARM.attributes
                0x00000357       0x1f ../../../../../project/mt7697_hdk/hal_examples/uart_loopback_data_dma/GCC/build/project/mt7697_hdk/hal_examples/uart_loopback_data_dma/GCC/startup_mt7687.o
 .ARM.attributes
                0x00000376       0x39 ../../../../../project/mt7697_hdk/hal_examples/uart_loopback_data_dma/GCC/build/middleware/MTK/verno/verno.o
 .ARM.attributes
                0x000003af       0x34 /media/hhd/github/SDK_V4.7.1/tools/gcc/linux/gcc-arm-none-eabi/bin/../lib/gcc/arm-none-eabi/4.8.4/../../../../arm-none-eabi/lib/armv7e-m/fpu/libc_s.a(lib_a-impure.o)
 .ARM.attributes
                0x000003e3       0x34 /media/hhd/github/SDK_V4.7.1/tools/gcc/linux/gcc-arm-none-eabi/bin/../lib/gcc/arm-none-eabi/4.8.4/../../../../arm-none-eabi/lib/armv7e-m/fpu/libc_s.a(lib_a-memcpy-stub.o)
 .ARM.attributes
                0x00000417       0x34 /media/hhd/github/SDK_V4.7.1/tools/gcc/linux/gcc-arm-none-eabi/bin/../lib/gcc/arm-none-eabi/4.8.4/../../../../arm-none-eabi/lib/armv7e-m/fpu/libc_s.a(lib_a-memset.o)
 .ARM.attributes
                0x0000044b       0x34 /media/hhd/github/SDK_V4.7.1/tools/gcc/linux/gcc-arm-none-eabi/bin/../lib/gcc/arm-none-eabi/4.8.4/../../../../arm-none-eabi/lib/armv7e-m/fpu/libc_s.a(lib_a-vfprintf.o)
 .ARM.attributes
                0x0000047f       0x34 /media/hhd/github/SDK_V4.7.1/tools/gcc/linux/gcc-arm-none-eabi/bin/../lib/gcc/arm-none-eabi/4.8.4/../../../../arm-none-eabi/lib/armv7e-m/fpu/libc_s.a(lib_a-vfprintf_i.o)
 .ARM.attributes
                0x000004b3       0x34 /media/hhd/github/SDK_V4.7.1/tools/gcc/linux/gcc-arm-none-eabi/bin/../lib/gcc/arm-none-eabi/4.8.4/../../../../arm-none-eabi/lib/armv7e-m/fpu/libc_s.a(lib_a-vprintf.o)
 .ARM.attributes
                0x000004e7       0x34 /media/hhd/github/SDK_V4.7.1/tools/gcc/linux/gcc-arm-none-eabi/bin/../lib/gcc/arm-none-eabi/4.8.4/../../../../arm-none-eabi/lib/armv7e-m/fpu/libc_s.a(lib_a-wbuf.o)
 .ARM.attributes
                0x0000051b       0x34 /media/hhd/github/SDK_V4.7.1/tools/gcc/linux/gcc-arm-none-eabi/bin/../lib/gcc/arm-none-eabi/4.8.4/../../../../arm-none-eabi/lib/armv7e-m/fpu/libc_s.a(lib_a-wsetup.o)
 .ARM.attributes
                0x0000054f       0x34 /media/hhd/github/SDK_V4.7.1/tools/gcc/linux/gcc-arm-none-eabi/bin/../lib/gcc/arm-none-eabi/4.8.4/../../../../arm-none-eabi/lib/armv7e-m/fpu/libc_s.a(lib_a-fflush.o)
 .ARM.attributes
                0x00000583       0x34 /media/hhd/github/SDK_V4.7.1/tools/gcc/linux/gcc-arm-none-eabi/bin/../lib/gcc/arm-none-eabi/4.8.4/../../../../arm-none-eabi/lib/armv7e-m/fpu/libc_s.a(lib_a-findfp.o)
 .ARM.attributes
                0x000005b7       0x34 /media/hhd/github/SDK_V4.7.1/tools/gcc/linux/gcc-arm-none-eabi/bin/../lib/gcc/arm-none-eabi/4.8.4/../../../../arm-none-eabi/lib/armv7e-m/fpu/libc_s.a(lib_a-makebuf.o)
 .ARM.attributes
                0x000005eb       0x34 /media/hhd/github/SDK_V4.7.1/tools/gcc/linux/gcc-arm-none-eabi/bin/../lib/gcc/arm-none-eabi/4.8.4/../../../../arm-none-eabi/lib/armv7e-m/fpu/libc_s.a(lib_a-memchr-stub.o)
 .ARM.attributes
                0x0000061f       0x34 /media/hhd/github/SDK_V4.7.1/tools/gcc/linux/gcc-arm-none-eabi/bin/../lib/gcc/arm-none-eabi/4.8.4/../../../../arm-none-eabi/lib/armv7e-m/fpu/libc_s.a(lib_a-nano-freer.o)
 .ARM.attributes
                0x00000653       0x34 /media/hhd/github/SDK_V4.7.1/tools/gcc/linux/gcc-arm-none-eabi/bin/../lib/gcc/arm-none-eabi/4.8.4/../../../../arm-none-eabi/lib/armv7e-m/fpu/libc_s.a(lib_a-nano-mallocr.o)
 .ARM.attributes
                0x00000687       0x34 /media/hhd/github/SDK_V4.7.1/tools/gcc/linux/gcc-arm-none-eabi/bin/../lib/gcc/arm-none-eabi/4.8.4/../../../../arm-none-eabi/lib/armv7e-m/fpu/libc_s.a(lib_a-stdio.o)
 .ARM.attributes
                0x000006bb       0x34 /media/hhd/github/SDK_V4.7.1/tools/gcc/linux/gcc-arm-none-eabi/bin/../lib/gcc/arm-none-eabi/4.8.4/../../../../arm-none-eabi/lib/armv7e-m/fpu/libc_s.a(lib_a-strlen.o)
 .ARM.attributes
                0x000006ef       0x34 /media/hhd/github/SDK_V4.7.1/tools/gcc/linux/gcc-arm-none-eabi/bin/../lib/gcc/arm-none-eabi/4.8.4/../../../../arm-none-eabi/lib/armv7e-m/fpu/libc_s.a(lib_a-writer.o)
 .ARM.attributes
                0x00000723       0x34 /media/hhd/github/SDK_V4.7.1/tools/gcc/linux/gcc-arm-none-eabi/bin/../lib/gcc/arm-none-eabi/4.8.4/../../../../arm-none-eabi/lib/armv7e-m/fpu/libc_s.a(lib_a-closer.o)
 .ARM.attributes
                0x00000757       0x34 /media/hhd/github/SDK_V4.7.1/tools/gcc/linux/gcc-arm-none-eabi/bin/../lib/gcc/arm-none-eabi/4.8.4/../../../../arm-none-eabi/lib/armv7e-m/fpu/libc_s.a(lib_a-fstatr.o)
 .ARM.attributes
                0x0000078b       0x34 /media/hhd/github/SDK_V4.7.1/tools/gcc/linux/gcc-arm-none-eabi/bin/../lib/gcc/arm-none-eabi/4.8.4/../../../../arm-none-eabi/lib/armv7e-m/fpu/libc_s.a(lib_a-isattyr.o)
 .ARM.attributes
                0x000007bf       0x34 /media/hhd/github/SDK_V4.7.1/tools/gcc/linux/gcc-arm-none-eabi/bin/../lib/gcc/arm-none-eabi/4.8.4/../../../../arm-none-eabi/lib/armv7e-m/fpu/libc_s.a(lib_a-lseekr.o)
 .ARM.attributes
                0x000007f3       0x34 /media/hhd/github/SDK_V4.7.1/tools/gcc/linux/gcc-arm-none-eabi/bin/../lib/gcc/arm-none-eabi/4.8.4/../../../../arm-none-eabi/lib/armv7e-m/fpu/libc_s.a(lib_a-readr.o)
 .ARM.attributes
                0x00000827       0x34 /media/hhd/github/SDK_V4.7.1/tools/gcc/linux/gcc-arm-none-eabi/bin/../lib/gcc/arm-none-eabi/4.8.4/../../../../arm-none-eabi/lib/armv7e-m/fpu/libc_s.a(lib_a-reent.o)

.debug_frame    0x00000000     0x15d4
 .debug_frame   0x00000000      0x22c ../../../../../project/mt7697_hdk/hal_examples/uart_loopback_data_dma/GCC/build/driver/chip/mt7687/src/common/dma.o
 .debug_frame   0x0000022c      0x114 ../../../../../project/mt7697_hdk/hal_examples/uart_loopback_data_dma/GCC/build/driver/chip/mt7687/src/common/hal_gpio_7687.o
 .debug_frame   0x00000340       0x20 ../../../../../project/mt7697_hdk/hal_examples/uart_loopback_data_dma/GCC/build/driver/chip/mt7687/src/common/hal_pinmux.o
 .debug_frame   0x00000360       0x50 ../../../../../project/mt7697_hdk/hal_examples/uart_loopback_data_dma/GCC/build/driver/chip/mt7687/src/common/nvic.o
 .debug_frame   0x000003b0       0x28 ../../../../../project/mt7697_hdk/hal_examples/uart_loopback_data_dma/GCC/build/driver/chip/mt7687/src/common/pinmux.o
 .debug_frame   0x000003d8      0x108 ../../../../../project/mt7697_hdk/hal_examples/uart_loopback_data_dma/GCC/build/driver/chip/mt7687/src/common/top.o
 .debug_frame   0x000004e0      0x1a0 ../../../../../project/mt7697_hdk/hal_examples/uart_loopback_data_dma/GCC/build/driver/chip/mt7687/src/common/uart.o
 .debug_frame   0x00000680       0xc0 ../../../../../project/mt7697_hdk/hal_examples/uart_loopback_data_dma/GCC/build/driver/chip/mt7687/src/hal_log.o
 .debug_frame   0x00000740      0x16c ../../../../../project/mt7697_hdk/hal_examples/uart_loopback_data_dma/GCC/build/driver/chip/mt7687/src/hal_cache.o
 .debug_frame   0x000008ac      0x104 ../../../../../project/mt7697_hdk/hal_examples/uart_loopback_data_dma/GCC/build/driver/chip/mt7687/src/hal_nvic.o
 .debug_frame   0x000009b0      0x17c ../../../../../project/mt7697_hdk/hal_examples/uart_loopback_data_dma/GCC/build/driver/chip/mt7687/src/hal_gpio.o
 .debug_frame   0x00000b2c      0x2b4 ../../../../../project/mt7697_hdk/hal_examples/uart_loopback_data_dma/GCC/build/driver/chip/mt7687/src/hal_uart.o
 .debug_frame   0x00000de0       0x68 ../../../../../project/mt7697_hdk/hal_examples/uart_loopback_data_dma/GCC/build/project/mt7697_hdk/hal_examples/uart_loopback_data_dma/src/main.o
 .debug_frame   0x00000e48       0x78 ../../../../../project/mt7697_hdk/hal_examples/uart_loopback_data_dma/GCC/build/project/mt7697_hdk/hal_examples/uart_loopback_data_dma/src/system_mt7687.o
 .debug_frame   0x00000ec0       0xe4 ../../../../../project/mt7697_hdk/hal_examples/uart_loopback_data_dma/GCC/build/project/mt7697_hdk/hal_examples/uart_loopback_data_dma/GCC/syscalls.o
 .debug_frame   0x00000fa4       0x28 /media/hhd/github/SDK_V4.7.1/tools/gcc/linux/gcc-arm-none-eabi/bin/../lib/gcc/arm-none-eabi/4.8.4/../../../../arm-none-eabi/lib/armv7e-m/fpu/libc_s.a(lib_a-memcpy-stub.o)
 .debug_frame   0x00000fcc       0x20 /media/hhd/github/SDK_V4.7.1/tools/gcc/linux/gcc-arm-none-eabi/bin/../lib/gcc/arm-none-eabi/4.8.4/../../../../arm-none-eabi/lib/armv7e-m/fpu/libc_s.a(lib_a-memset.o)
 .debug_frame   0x00000fec       0xa8 /media/hhd/github/SDK_V4.7.1/tools/gcc/linux/gcc-arm-none-eabi/bin/../lib/gcc/arm-none-eabi/4.8.4/../../../../arm-none-eabi/lib/armv7e-m/fpu/libc_s.a(lib_a-vfprintf.o)
 .debug_frame   0x00001094       0x60 /media/hhd/github/SDK_V4.7.1/tools/gcc/linux/gcc-arm-none-eabi/bin/../lib/gcc/arm-none-eabi/4.8.4/../../../../arm-none-eabi/lib/armv7e-m/fpu/libc_s.a(lib_a-vfprintf_i.o)
 .debug_frame   0x000010f4       0x50 /media/hhd/github/SDK_V4.7.1/tools/gcc/linux/gcc-arm-none-eabi/bin/../lib/gcc/arm-none-eabi/4.8.4/../../../../arm-none-eabi/lib/armv7e-m/fpu/libc_s.a(lib_a-vprintf.o)
 .debug_frame   0x00001144       0x3c /media/hhd/github/SDK_V4.7.1/tools/gcc/linux/gcc-arm-none-eabi/bin/../lib/gcc/arm-none-eabi/4.8.4/../../../../arm-none-eabi/lib/armv7e-m/fpu/libc_s.a(lib_a-wbuf.o)
 .debug_frame   0x00001180       0x2c /media/hhd/github/SDK_V4.7.1/tools/gcc/linux/gcc-arm-none-eabi/bin/../lib/gcc/arm-none-eabi/4.8.4/../../../../arm-none-eabi/lib/armv7e-m/fpu/libc_s.a(lib_a-wsetup.o)
 .debug_frame   0x000011ac       0x5c /media/hhd/github/SDK_V4.7.1/tools/gcc/linux/gcc-arm-none-eabi/bin/../lib/gcc/arm-none-eabi/4.8.4/../../../../arm-none-eabi/lib/armv7e-m/fpu/libc_s.a(lib_a-fflush.o)
 .debug_frame   0x00001208      0x12c /media/hhd/github/SDK_V4.7.1/tools/gcc/linux/gcc-arm-none-eabi/bin/../lib/gcc/arm-none-eabi/4.8.4/../../../../arm-none-eabi/lib/armv7e-m/fpu/libc_s.a(lib_a-findfp.o)
 .debug_frame   0x00001334       0x30 /media/hhd/github/SDK_V4.7.1/tools/gcc/linux/gcc-arm-none-eabi/bin/../lib/gcc/arm-none-eabi/4.8.4/../../../../arm-none-eabi/lib/armv7e-m/fpu/libc_s.a(lib_a-makebuf.o)
 .debug_frame   0x00001364       0x28 /media/hhd/github/SDK_V4.7.1/tools/gcc/linux/gcc-arm-none-eabi/bin/../lib/gcc/arm-none-eabi/4.8.4/../../../../arm-none-eabi/lib/armv7e-m/fpu/libc_s.a(lib_a-memchr-stub.o)
 .debug_frame   0x0000138c       0x2c /media/hhd/github/SDK_V4.7.1/tools/gcc/linux/gcc-arm-none-eabi/bin/../lib/gcc/arm-none-eabi/4.8.4/../../../../arm-none-eabi/lib/armv7e-m/fpu/libc_s.a(lib_a-nano-freer.o)
 .debug_frame   0x000013b8       0x2c /media/hhd/github/SDK_V4.7.1/tools/gcc/linux/gcc-arm-none-eabi/bin/../lib/gcc/arm-none-eabi/4.8.4/../../../../arm-none-eabi/lib/armv7e-m/fpu/libc_s.a(lib_a-nano-mallocr.o)
 .debug_frame   0x000013e4       0x80 /media/hhd/github/SDK_V4.7.1/tools/gcc/linux/gcc-arm-none-eabi/bin/../lib/gcc/arm-none-eabi/4.8.4/../../../../arm-none-eabi/lib/armv7e-m/fpu/libc_s.a(lib_a-stdio.o)
 .debug_frame   0x00001464       0x20 /media/hhd/github/SDK_V4.7.1/tools/gcc/linux/gcc-arm-none-eabi/bin/../lib/gcc/arm-none-eabi/4.8.4/../../../../arm-none-eabi/lib/armv7e-m/fpu/libc_s.a(lib_a-strlen.o)
 .debug_frame   0x00001484       0x2c /media/hhd/github/SDK_V4.7.1/tools/gcc/linux/gcc-arm-none-eabi/bin/../lib/gcc/arm-none-eabi/4.8.4/../../../../arm-none-eabi/lib/armv7e-m/fpu/libc_s.a(lib_a-writer.o)
 .debug_frame   0x000014b0       0x2c /media/hhd/github/SDK_V4.7.1/tools/gcc/linux/gcc-arm-none-eabi/bin/../lib/gcc/arm-none-eabi/4.8.4/../../../../arm-none-eabi/lib/armv7e-m/fpu/libc_s.a(lib_a-closer.o)
 .debug_frame   0x000014dc       0x2c /media/hhd/github/SDK_V4.7.1/tools/gcc/linux/gcc-arm-none-eabi/bin/../lib/gcc/arm-none-eabi/4.8.4/../../../../arm-none-eabi/lib/armv7e-m/fpu/libc_s.a(lib_a-fstatr.o)
 .debug_frame   0x00001508       0x2c /media/hhd/github/SDK_V4.7.1/tools/gcc/linux/gcc-arm-none-eabi/bin/../lib/gcc/arm-none-eabi/4.8.4/../../../../arm-none-eabi/lib/armv7e-m/fpu/libc_s.a(lib_a-isattyr.o)
 .debug_frame   0x00001534       0x2c /media/hhd/github/SDK_V4.7.1/tools/gcc/linux/gcc-arm-none-eabi/bin/../lib/gcc/arm-none-eabi/4.8.4/../../../../arm-none-eabi/lib/armv7e-m/fpu/libc_s.a(lib_a-lseekr.o)
 .debug_frame   0x00001560       0x2c /media/hhd/github/SDK_V4.7.1/tools/gcc/linux/gcc-arm-none-eabi/bin/../lib/gcc/arm-none-eabi/4.8.4/../../../../arm-none-eabi/lib/armv7e-m/fpu/libc_s.a(lib_a-readr.o)
 .debug_frame   0x0000158c       0x48 /media/hhd/github/SDK_V4.7.1/tools/gcc/linux/gcc-arm-none-eabi/bin/../lib/gcc/arm-none-eabi/4.8.4/../../../../arm-none-eabi/lib/armv7e-m/fpu/libc_s.a(lib_a-reent.o)
